Archive member included to satisfy reference by file (symbol)

c:/progra~1/raspbe~2/picosd~1.1/gcc-ar~1/bin/../lib/gcc/arm-none-eabi/10.3.1/../../../../arm-none-eabi/lib/thumb/v6-m/nofp\libm.a(lib_a-sf_fmin.o)
                              CMakeFiles/gekimax.dir/src/led_driver.cpp.obj (fminf)
c:/progra~1/raspbe~2/picosd~1.1/gcc-ar~1/bin/../lib/gcc/arm-none-eabi/10.3.1/../../../../arm-none-eabi/lib/thumb/v6-m/nofp\libm.a(lib_a-sf_fpclassify.o)
                              c:/progra~1/raspbe~2/picosd~1.1/gcc-ar~1/bin/../lib/gcc/arm-none-eabi/10.3.1/../../../../arm-none-eabi/lib/thumb/v6-m/nofp\libm.a(lib_a-sf_fmin.o) (__fpclassifyf)
c:/progra~1/raspbe~2/picosd~1.1/gcc-ar~1/bin/../lib/gcc/arm-none-eabi/10.3.1/thumb/v6-m/nofp\libgcc.a(_dvmd_tls.o)
                              CMakeFiles/gekimax.dir/C_/Program_Files/Raspberry_Pi/Pico_SDK_v1.5.1/pico-sdk/src/rp2_common/pico_divider/divider.S.obj (__aeabi_idiv0)
c:/progra~1/raspbe~2/picosd~1.1/gcc-ar~1/bin/../lib/gcc/arm-none-eabi/10.3.1/../../../../arm-none-eabi/lib/thumb/v6-m/nofp\libc.a(lib_a-calloc.o)
                              CMakeFiles/gekimax.dir/C_/Program_Files/Raspberry_Pi/Pico_SDK_v1.5.1/pico-sdk/src/rp2_common/pico_malloc/pico_malloc.c.obj (calloc)
c:/progra~1/raspbe~2/picosd~1.1/gcc-ar~1/bin/../lib/gcc/arm-none-eabi/10.3.1/../../../../arm-none-eabi/lib/thumb/v6-m/nofp\libc.a(lib_a-callocr.o)
                              c:/progra~1/raspbe~2/picosd~1.1/gcc-ar~1/bin/../lib/gcc/arm-none-eabi/10.3.1/../../../../arm-none-eabi/lib/thumb/v6-m/nofp\libc.a(lib_a-calloc.o) (_calloc_r)
c:/progra~1/raspbe~2/picosd~1.1/gcc-ar~1/bin/../lib/gcc/arm-none-eabi/10.3.1/../../../../arm-none-eabi/lib/thumb/v6-m/nofp\libc.a(lib_a-errno.o)
                              c:/progra~1/raspbe~2/picosd~1.1/gcc-ar~1/bin/../lib/gcc/arm-none-eabi/10.3.1/../../../../arm-none-eabi/lib/thumb/v6-m/nofp\libc.a(lib_a-callocr.o) (__errno)
c:/progra~1/raspbe~2/picosd~1.1/gcc-ar~1/bin/../lib/gcc/arm-none-eabi/10.3.1/../../../../arm-none-eabi/lib/thumb/v6-m/nofp\libc.a(lib_a-impure.o)
                              c:/progra~1/raspbe~2/picosd~1.1/gcc-ar~1/bin/../lib/gcc/arm-none-eabi/10.3.1/../../../../arm-none-eabi/lib/thumb/v6-m/nofp\libc.a(lib_a-calloc.o) (_impure_ptr)
c:/progra~1/raspbe~2/picosd~1.1/gcc-ar~1/bin/../lib/gcc/arm-none-eabi/10.3.1/../../../../arm-none-eabi/lib/thumb/v6-m/nofp\libc.a(lib_a-init.o)
                              c:/progra~1/raspbe~2/picosd~1.1/gcc-ar~1/bin/../lib/gcc/arm-none-eabi/10.3.1/../../../../arm-none-eabi/lib/thumb/v6-m/nofp/crt0.o (__libc_init_array)
c:/progra~1/raspbe~2/picosd~1.1/gcc-ar~1/bin/../lib/gcc/arm-none-eabi/10.3.1/../../../../arm-none-eabi/lib/thumb/v6-m/nofp\libc.a(lib_a-malloc.o)
                              CMakeFiles/gekimax.dir/C_/Program_Files/Raspberry_Pi/Pico_SDK_v1.5.1/pico-sdk/src/rp2_common/pico_malloc/pico_malloc.c.obj (malloc)
c:/progra~1/raspbe~2/picosd~1.1/gcc-ar~1/bin/../lib/gcc/arm-none-eabi/10.3.1/../../../../arm-none-eabi/lib/thumb/v6-m/nofp\libc.a(lib_a-mallocr.o)
                              c:/progra~1/raspbe~2/picosd~1.1/gcc-ar~1/bin/../lib/gcc/arm-none-eabi/10.3.1/../../../../arm-none-eabi/lib/thumb/v6-m/nofp\libc.a(lib_a-callocr.o) (_malloc_r)
c:/progra~1/raspbe~2/picosd~1.1/gcc-ar~1/bin/../lib/gcc/arm-none-eabi/10.3.1/../../../../arm-none-eabi/lib/thumb/v6-m/nofp\libc.a(lib_a-mlock.o)
                              c:/progra~1/raspbe~2/picosd~1.1/gcc-ar~1/bin/../lib/gcc/arm-none-eabi/10.3.1/../../../../arm-none-eabi/lib/thumb/v6-m/nofp\libc.a(lib_a-mallocr.o) (__malloc_lock)
c:/progra~1/raspbe~2/picosd~1.1/gcc-ar~1/bin/../lib/gcc/arm-none-eabi/10.3.1/../../../../arm-none-eabi/lib/thumb/v6-m/nofp\libc.a(lib_a-realloc.o)
                              CMakeFiles/gekimax.dir/C_/Program_Files/Raspberry_Pi/Pico_SDK_v1.5.1/pico-sdk/src/rp2_common/pico_malloc/pico_malloc.c.obj (realloc)
c:/progra~1/raspbe~2/picosd~1.1/gcc-ar~1/bin/../lib/gcc/arm-none-eabi/10.3.1/../../../../arm-none-eabi/lib/thumb/v6-m/nofp\libc.a(lib_a-reallocr.o)
                              c:/progra~1/raspbe~2/picosd~1.1/gcc-ar~1/bin/../lib/gcc/arm-none-eabi/10.3.1/../../../../arm-none-eabi/lib/thumb/v6-m/nofp\libc.a(lib_a-realloc.o) (_realloc_r)
c:/progra~1/raspbe~2/picosd~1.1/gcc-ar~1/bin/../lib/gcc/arm-none-eabi/10.3.1/../../../../arm-none-eabi/lib/thumb/v6-m/nofp\libc.a(lib_a-sbrkr.o)
                              c:/progra~1/raspbe~2/picosd~1.1/gcc-ar~1/bin/../lib/gcc/arm-none-eabi/10.3.1/../../../../arm-none-eabi/lib/thumb/v6-m/nofp\libc.a(lib_a-mallocr.o) (_sbrk_r)
c:/progra~1/raspbe~2/picosd~1.1/gcc-ar~1/bin/../lib/gcc/arm-none-eabi/10.3.1/../../../../arm-none-eabi/lib/thumb/v6-m/nofp\libc.a(lib_a-strchr.o)
                              CMakeFiles/gekimax.dir/src/usb/serial_config.cpp.obj (strchr)
c:/progra~1/raspbe~2/picosd~1.1/gcc-ar~1/bin/../lib/gcc/arm-none-eabi/10.3.1/../../../../arm-none-eabi/lib/thumb/v6-m/nofp\libc.a(lib_a-strlen-stub.o)
                              CMakeFiles/gekimax.dir/src/usb/usb_descriptors.c.obj (strlen)
[...]
Memory Configuration

Name             Origin             Length             Attributes
FLASH            0x10000000         0x00200000         xr
RAM              0x20000000         0x00040000         xrw
SCRATCH_X        0x20040000         0x00001000         xrw
SCRATCH_Y        0x20041000         0x00001000         xrw
*default*        0x00000000         0xffffffff

Linker script and memory map

LOAD c:/progra~1/raspbe~2/picosd~1.1/gcc-ar~1/bin/../lib/gcc/arm-none-eabi/10.3.1/thumb/v6-m/nofp/crti.o
LOAD c:/progra~1/raspbe~2/picosd~1.1/gcc-ar~1/bin/../lib/gcc/arm-none-eabi/10.3.1/thumb/v6-m/nofp/crtbegin.o
LOAD c:/progra~1/raspbe~2/picosd~1.1/gcc-ar~1/bin/../lib/gcc/arm-none-eabi/10.3.1/../../../../arm-none-eabi/lib/thumb/v6-m/nofp/crt0.o

.flash_begin    0x10000000        0x0
                0x10000000                __flash_binary_start = .

.boot2          0x10000000      0x100
                0x10000000                __boot2_start__ = .
 *(.boot2)
 .boot2         0x10000000      0x100 C:\Users\papha\AppData\Local\Temp\ccwb2I1m.o
                0x10000100                __boot2_end__ = .
                0x00000001                ASSERT (((__boot2_end__ - __boot2_start__) == 0x100), ERROR: Pico second stage bootloader must be 256 bytes in size)

.text           0x10000100     0x9ab0
                0x10000100                __logical_binary_start = .
 *(.vectors)
 .vectors       0x10000100       0xd4 CMakeFiles/gekimax.dir/C_/Program_Files/Raspberry_Pi/Pico_SDK_v1.5.1/pico-sdk/src/rp2_common/pico_standard_link/crt0.S.obj
                0x10000100                __VECTOR_TABLE
                0x10000100                __vectors
                0x100001c0                isr_invalid
                0x100001c0                __default_isrs_start
                0x100001c2                isr_nmi
                0x100001c4                isr_hardfault
                0x100001c6                isr_svcall
                0x100001c8                isr_pendsv
                0x100001ca                isr_systick
                0x100001cc                isr_irq23
                0x100001cc                isr_irq18
                0x100001cc                isr_irq11
                0x100001cc                isr_irq28
                0x100001cc                isr_irq19
                0x100001cc                isr_irq0
                0x100001cc                isr_irq6
                0x100001cc                isr_irq5
                0x100001cc                isr_irq12
                0x100001cc                isr_irq22
                0x100001cc                isr_irq31
                0x100001cc                isr_irq17
                0x100001cc                isr_irq27
                0x100001cc                isr_irq30
                0x100001cc                isr_irq2
                0x100001cc                isr_irq10
                0x100001cc                isr_irq8
                0x100001cc                isr_irq24
                0x100001cc                isr_irq1
                0x100001cc                isr_irq7
                0x100001cc                isr_irq21
                0x100001cc                isr_irq20
                0x100001cc                isr_irq15
                0x100001cc                isr_irq25
                0x100001cc                isr_irq13
                0x100001cc                __unhandled_user_irq
                0x100001cc                isr_irq4
                0x100001cc                isr_irq16
                0x100001cc                isr_irq29
                0x100001cc                isr_irq26
                0x100001cc                __default_isrs_end
                0x100001cc                isr_irq3
                0x100001cc                isr_irq14
                0x100001cc                isr_irq9
                0x100001d2                unhandled_user_irq_num_in_r0
 *(.binary_info_header)
 .binary_info_header
                0x100001d4       0x14 CMakeFiles/gekimax.dir/C_/Program_Files/Raspberry_Pi/Pico_SDK_v1.5.1/pico-sdk/src/rp2_common/pico_standard_link/crt0.S.obj
                0x100001e8                __binary_info_header_end = .
 *(.reset)
 .reset         0x100001e8       0xa0 CMakeFiles/gekimax.dir/C_/Program_Files/Raspberry_Pi/Pico_SDK_v1.5.1/pico-sdk/src/rp2_common/pico_standard_link/crt0.S.obj
                0x100001e8                _entry_point
 .reset         0x10000288       0x30 CMakeFiles/gekimax.dir/C_/Program_Files/Raspberry_Pi/Pico_SDK_v1.5.1/pico-sdk/src/rp2_common/pico_standard_link/binary_info.c.obj
 *(.init)
 .init          0x100002b8        0x4 c:/progra~1/raspbe~2/picosd~1.1/gcc-ar~1/bin/../lib/gcc/arm-none-eabi/10.3.1/thumb/v6-m/nofp/crti.o
                0x100002b8                _init
 *(EXCLUDE_FILE(*libm.a: *libc.a:*lib_a-mem*.o *libgcc.a:) .text*)
 .text          0x100002bc       0x48 c:/progra~1/raspbe~2/picosd~1.1/gcc-ar~1/bin/../lib/gcc/arm-none-eabi/10.3.1/thumb/v6-m/nofp/crtbegin.o
 .text._Z11core1_entryv
                0x10000304       0x30 CMakeFiles/gekimax.dir/src/main.cpp.obj
                0x10000304                core1_entry()
 .text.startup.main
                0x10000334       0xa8 CMakeFiles/gekimax.dir/src/main.cpp.obj
                0x10000334                main
 .text.config_reset_defaults
                0x100003dc       0x94 CMakeFiles/gekimax.dir/src/config.cpp.obj
                0x100003dc                config_reset_defaults
 .text.config_init
                0x10000470       0x94 CMakeFiles/gekimax.dir/src/config.cpp.obj
                0x10000470                config_init
 .text.config_get_ptr
                0x10000504        0x8 CMakeFiles/gekimax.dir/src/config.cpp.obj
                0x10000504                config_get_ptr
 .text.config_save
                0x1000050c       0x58 CMakeFiles/gekimax.dir/src/config.cpp.obj
                0x1000050c                config_save
 .text.is_button_pressed
                0x10000564       0x14 CMakeFiles/gekimax.dir/src/config.cpp.obj
                0x10000564                is_button_pressed
 .text.read_all_buttons
                0x10000578       0x40 CMakeFiles/gekimax.dir/src/config.cpp.obj
                0x10000578                read_all_buttons
 .text.check_startup_mode
                0x100005b8      0x1a4 CMakeFiles/gekimax.dir/src/config.cpp.obj
                0x100005b8                check_startup_mode
 .text._Z17analog_lever_initv
                0x1000075c       0x84 CMakeFiles/gekimax.dir/src/analog_lever.cpp.obj
                0x1000075c                analog_lever_init()
 .text._Z19analog_lever_updatev
                0x100007e0       0x34 CMakeFiles/gekimax.dir/src/analog_lever.cpp.obj
                0x100007e0                analog_lever_update()
 .text._Z20analog_lever_get_rawv
                0x10000814        0xc CMakeFiles/gekimax.dir/src/analog_lever.cpp.obj
                0x10000814                analog_lever_get_raw()
 .text._Z27analog_lever_get_normalizedv
                0x10000820       0x58 CMakeFiles/gekimax.dir/src/analog_lever.cpp.obj
                0x10000820                analog_lever_get_normalized()
 .text._Z20analog_lever_get_io4v
                0x10000878       0x68 CMakeFiles/gekimax.dir/src/analog_lever.cpp.obj
                0x10000878                analog_lever_get_io4()
 .text._Z23analog_lever_get_xinputv
                0x100008e0      0x10c CMakeFiles/gekimax.dir/src/analog_lever.cpp.obj
                0x100008e0                analog_lever_get_xinput()
 .text._Z35analog_lever_run_guided_calibrationv
                0x100009ec      0x184 CMakeFiles/gekimax.dir/src/analog_lever.cpp.obj
                0x100009ec                analog_lever_run_guided_calibration()
 .text._Z15led_driver_initv
                0x10000b70       0xdc CMakeFiles/gekimax.dir/src/led_driver.cpp.obj
                0x10000b70                led_driver_init()
 .text._Z13led_set_pixelh8RGBColor
                0x10000c4c       0x24 CMakeFiles/gekimax.dir/src/led_driver.cpp.obj
                0x10000c4c                led_set_pixel(unsigned char, RGBColor)
 .text._Z8led_showv
                0x10000c70       0x38 CMakeFiles/gekimax.dir/src/led_driver.cpp.obj
                0x10000c70                led_show()
 .text._Z18led_set_io4_activeb
                0x10000ca8        0xc CMakeFiles/gekimax.dir/src/led_driver.cpp.obj
                0x10000ca8                led_set_io4_active(bool)
 .text._Z23led_set_io4_game_outputm
                0x10000cb4       0xa0 CMakeFiles/gekimax.dir/src/led_driver.cpp.obj
                0x10000cb4                led_set_io4_game_output(unsigned long)
 .text._Z19led_update_reactivem
                0x10000d54      0xb3c CMakeFiles/gekimax.dir/src/led_driver.cpp.obj
                0x10000d54                led_update_reactive(unsigned long)
 .text._Z25led_calibration_animation10CalibStagebf
                0x10001890       0xe4 CMakeFiles/gekimax.dir/src/led_driver.cpp.obj
                0x10001890                led_calibration_animation(CalibStage, bool, float)
 .text._Z23led_flash_confirm_greenv
                0x10001974      0x124 CMakeFiles/gekimax.dir/src/led_driver.cpp.obj
                0x10001974                led_flash_confirm_green()
 .text._Z25led_config_mode_animationv
                0x10001a98      0x120 CMakeFiles/gekimax.dir/src/led_driver.cpp.obj
                0x10001a98                led_config_mode_animation()
 .text._Z14led_flash_modeh
                0x10001bb8      0x1c0 CMakeFiles/gekimax.dir/src/led_driver.cpp.obj
                0x10001bb8                led_flash_mode(unsigned char)
 .text.usb_descriptors_init
                0x10001d78        0xc CMakeFiles/gekimax.dir/src/usb/usb_descriptors.c.obj
                0x10001d78                usb_descriptors_init
 .text.tud_descriptor_device_cb
                0x10001d84       0x24 CMakeFiles/gekimax.dir/src/usb/usb_descriptors.c.obj
                0x10001d84                tud_descriptor_device_cb
 .text.tud_hid_descriptor_report_cb
                0x10001da8       0x1c CMakeFiles/gekimax.dir/src/usb/usb_descriptors.c.obj
                0x10001da8                tud_hid_descriptor_report_cb
 .text.tud_descriptor_configuration_cb
                0x10001dc4       0x24 CMakeFiles/gekimax.dir/src/usb/usb_descriptors.c.obj
                0x10001dc4                tud_descriptor_configuration_cb
 .text.tud_descriptor_string_cb
                0x10001de8       0x9c CMakeFiles/gekimax.dir/src/usb/usb_descriptors.c.obj
                0x10001de8                tud_descriptor_string_cb
 .text._ZN3io44initEv
                0x10001e84       0x18 CMakeFiles/gekimax.dir/src/usb/io4_mode.cpp.obj
                0x10001e84                io4::init()
 .text._ZN3io411update_taskEv
                0x10001e9c      0x128 CMakeFiles/gekimax.dir/src/usb/io4_mode.cpp.obj
                0x10001e9c                io4::update_task()
 .text.tud_hid_get_report_cb
                0x10001fc4        0x4 CMakeFiles/gekimax.dir/src/usb/io4_mode.cpp.obj
                0x10001fc4                tud_hid_get_report_cb
 .text.tud_hid_set_report_cb
                0x10001fc8       0x54 CMakeFiles/gekimax.dir/src/usb/io4_mode.cpp.obj
                0x10001fc8                tud_hid_set_report_cb
 .text._ZN8hid_mode4initEv
                0x1000201c        0xc CMakeFiles/gekimax.dir/src/usb/hid_mode.cpp.obj
                0x1000201c                hid_mode::init()
 .text._ZN8hid_mode11update_taskEv
                0x10002028       0x78 CMakeFiles/gekimax.dir/src/usb/hid_mode.cpp.obj
                0x10002028                hid_mode::update_task()
 .text._ZL18xinput_driver_initv
                0x100020a0        0x4 CMakeFiles/gekimax.dir/src/usb/xinput_mode.cpp.obj
 .text._ZL19xinput_driver_reseth
                0x100020a4        0xc CMakeFiles/gekimax.dir/src/usb/xinput_mode.cpp.obj
 .text._ZL21xinput_driver_xfer_cbhh13xfer_result_tm
                0x100020b0        0x4 CMakeFiles/gekimax.dir/src/usb/xinput_mode.cpp.obj
 .text._ZL29xinput_driver_control_xfer_cbhhPK22tusb_control_request_t
                0x100020b4       0x38 CMakeFiles/gekimax.dir/src/usb/xinput_mode.cpp.obj
 .text._ZL18xinput_driver_openhPK21tusb_desc_interface_tt
                0x100020ec       0x88 CMakeFiles/gekimax.dir/src/usb/xinput_mode.cpp.obj
 .text.usbd_app_driver_get_cb
                0x10002174        0xc CMakeFiles/gekimax.dir/src/usb/xinput_mode.cpp.obj
                0x10002174                usbd_app_driver_get_cb
 .text._ZN11xinput_mode4initEv
                0x10002180        0xc CMakeFiles/gekimax.dir/src/usb/xinput_mode.cpp.obj
                0x10002180                xinput_mode::init()
 .text._ZN11xinput_mode11update_taskEv
                0x1000218c      0x1d0 CMakeFiles/gekimax.dir/src/usb/xinput_mode.cpp.obj
                0x1000218c                xinput_mode::update_task()
 .text._ZL16parse_json_arrayPKcS0_Phj.constprop.0
                0x1000235c       0xac CMakeFiles/gekimax.dir/src/usb/serial_config.cpp.obj
 .text.serial_config_init
                0x10002408       0x14 CMakeFiles/gekimax.dir/src/usb/serial_config.cpp.obj
                0x10002408                serial_config_init
 .text.serial_config_update_task
                0x1000241c      0x970 CMakeFiles/gekimax.dir/src/usb/serial_config.cpp.obj
                0x1000241c                serial_config_update_task
 .text.gpio_set_function
                0x10002d8c       0x30 CMakeFiles/gekimax.dir/C_/Program_Files/Raspberry_Pi/Pico_SDK_v1.5.1/pico-sdk/src/rp2_common/hardware_gpio/gpio.c.obj
                0x10002d8c                gpio_set_function
 .text.gpio_set_pulls
                0x10002dbc       0x30 CMakeFiles/gekimax.dir/C_/Program_Files/Raspberry_Pi/Pico_SDK_v1.5.1/pico-sdk/src/rp2_common/hardware_gpio/gpio.c.obj
                0x10002dbc                gpio_set_pulls
 .text.gpio_set_input_enabled
                0x10002dec       0x28 CMakeFiles/gekimax.dir/C_/Program_Files/Raspberry_Pi/Pico_SDK_v1.5.1/pico-sdk/src/rp2_common/hardware_gpio/gpio.c.obj
                0x10002dec                gpio_set_input_enabled
 .text.gpio_init
                0x10002e14       0x3c CMakeFiles/gekimax.dir/C_/Program_Files/Raspberry_Pi/Pico_SDK_v1.5.1/pico-sdk/src/rp2_common/hardware_gpio/gpio.c.obj
                0x10002e14                gpio_init
 .text.running_on_fpga
                0x10002e50       0x10 CMakeFiles/gekimax.dir/C_/Program_Files/Raspberry_Pi/Pico_SDK_v1.5.1/pico-sdk/src/rp2_common/pico_platform/platform.c.obj
                0x10002e50                running_on_fpga
 .text.hw_claim_lock
                0x10002e60       0x18 CMakeFiles/gekimax.dir/C_/Program_Files/Raspberry_Pi/Pico_SDK_v1.5.1/pico-sdk/src/rp2_common/hardware_claim/claim.c.obj
                0x10002e60                hw_claim_lock
 .text.hw_claim_unlock
                0x10002e78       0x14 CMakeFiles/gekimax.dir/C_/Program_Files/Raspberry_Pi/Pico_SDK_v1.5.1/pico-sdk/src/rp2_common/hardware_claim/claim.c.obj
                0x10002e78                hw_claim_unlock
 .text.hw_claim_or_assert
                0x10002e8c       0x44 CMakeFiles/gekimax.dir/C_/Program_Files/Raspberry_Pi/Pico_SDK_v1.5.1/pico-sdk/src/rp2_common/hardware_claim/claim.c.obj
                0x10002e8c                hw_claim_or_assert
 .text.hw_claim_unused_from_range
                0x10002ed0       0x9c CMakeFiles/gekimax.dir/C_/Program_Files/Raspberry_Pi/Pico_SDK_v1.5.1/pico-sdk/src/rp2_common/hardware_claim/claim.c.obj
                0x10002ed0                hw_claim_unused_from_range
 .text.spin_locks_reset
                0x10002f6c       0x1c CMakeFiles/gekimax.dir/C_/Program_Files/Raspberry_Pi/Pico_SDK_v1.5.1/pico-sdk/src/rp2_common/hardware_sync/sync.c.obj
                0x10002f6c                spin_locks_reset
 .text.next_striped_spin_lock_num
                0x10002f88       0x18 CMakeFiles/gekimax.dir/C_/Program_Files/Raspberry_Pi/Pico_SDK_v1.5.1/pico-sdk/src/rp2_common/hardware_sync/sync.c.obj
                0x10002f88                next_striped_spin_lock_num
 .text.spin_lock_claim_unused
                0x10002fa0       0x20 CMakeFiles/gekimax.dir/C_/Program_Files/Raspberry_Pi/Pico_SDK_v1.5.1/pico-sdk/src/rp2_common/hardware_sync/sync.c.obj
                0x10002fa0                spin_lock_claim_unused
 .text.irq_set_enabled
                0x10002fc0       0x24 CMakeFiles/gekimax.dir/C_/Program_Files/Raspberry_Pi/Pico_SDK_v1.5.1/pico-sdk/src/rp2_common/hardware_irq/irq.c.obj
                0x10002fc0                irq_set_enabled
 .text.irq_is_enabled
                0x10002fe4       0x18 CMakeFiles/gekimax.dir/C_/Program_Files/Raspberry_Pi/Pico_SDK_v1.5.1/pico-sdk/src/rp2_common/hardware_irq/irq.c.obj
                0x10002fe4                irq_is_enabled
 .text.irq_get_vtable_handler
                0x10002ffc       0x10 CMakeFiles/gekimax.dir/C_/Program_Files/Raspberry_Pi/Pico_SDK_v1.5.1/pico-sdk/src/rp2_common/hardware_irq/irq.c.obj
                0x10002ffc                irq_get_vtable_handler
 .text.irq_set_exclusive_handler
                0x1000300c       0x54 CMakeFiles/gekimax.dir/C_/Program_Files/Raspberry_Pi/Pico_SDK_v1.5.1/pico-sdk/src/rp2_common/hardware_irq/irq.c.obj
                0x1000300c                irq_set_exclusive_handler
 .text.irq_add_shared_handler
                0x10003060      0x1e8 CMakeFiles/gekimax.dir/C_/Program_Files/Raspberry_Pi/Pico_SDK_v1.5.1/pico-sdk/src/rp2_common/hardware_irq/irq.c.obj
                0x10003060                irq_add_shared_handler
 .text.irq_remove_handler
                0x10003248      0x1b0 CMakeFiles/gekimax.dir/C_/Program_Files/Raspberry_Pi/Pico_SDK_v1.5.1/pico-sdk/src/rp2_common/hardware_irq/irq.c.obj
                0x10003248                irq_remove_handler
 .text.irq_add_tail_to_free_list
                0x100033f8       0xb4 CMakeFiles/gekimax.dir/C_/Program_Files/Raspberry_Pi/Pico_SDK_v1.5.1/pico-sdk/src/rp2_common/hardware_irq/irq.c.obj
                0x100033f8                irq_add_tail_to_free_list
 .text.irq_init_priorities
                0x100034ac       0x24 CMakeFiles/gekimax.dir/C_/Program_Files/Raspberry_Pi/Pico_SDK_v1.5.1/pico-sdk/src/rp2_common/hardware_irq/irq.c.obj
                0x100034ac                irq_init_priorities
 .text.lock_init
                0x100034d0       0x10 CMakeFiles/gekimax.dir/C_/Program_Files/Raspberry_Pi/Pico_SDK_v1.5.1/pico-sdk/src/common/pico_sync/lock_core.c.obj
                0x100034d0                lock_init
 .text.mutex_init
                0x100034e0       0x1c CMakeFiles/gekimax.dir/C_/Program_Files/Raspberry_Pi/Pico_SDK_v1.5.1/pico-sdk/src/common/pico_sync/mutex.c.obj
                0x100034e0                mutex_init
 .text.recursive_mutex_init
                0x100034fc       0x1c CMakeFiles/gekimax.dir/C_/Program_Files/Raspberry_Pi/Pico_SDK_v1.5.1/pico-sdk/src/common/pico_sync/mutex.c.obj
                0x100034fc                recursive_mutex_init
 .text.critical_section_init
                0x10003518       0x20 CMakeFiles/gekimax.dir/C_/Program_Files/Raspberry_Pi/Pico_SDK_v1.5.1/pico-sdk/src/common/pico_sync/critical_section.c.obj
                0x10003518                critical_section_init
 .text.timer_pool_entry_comparator
                0x10003538       0x34 CMakeFiles/gekimax.dir/C_/Program_Files/Raspberry_Pi/Pico_SDK_v1.5.1/pico-sdk/src/common/pico_time/time.c.obj
                0x10003538                timer_pool_entry_comparator
 .text.sleep_until_callback
                0x1000356c       0x30 CMakeFiles/gekimax.dir/C_/Program_Files/Raspberry_Pi/Pico_SDK_v1.5.1/pico-sdk/src/common/pico_time/time.c.obj
 .text.add_alarm_under_lock.isra.0
                0x1000359c      0x100 CMakeFiles/gekimax.dir/C_/Program_Files/Raspberry_Pi/Pico_SDK_v1.5.1/pico-sdk/src/common/pico_time/time.c.obj
 .text.alarm_pool_alarm_callback
                0x1000369c      0x1bc CMakeFiles/gekimax.dir/C_/Program_Files/Raspberry_Pi/Pico_SDK_v1.5.1/pico-sdk/src/common/pico_time/time.c.obj
 .text.alarm_pool_init_default
                0x10003858       0x6c CMakeFiles/gekimax.dir/C_/Program_Files/Raspberry_Pi/Pico_SDK_v1.5.1/pico-sdk/src/common/pico_time/time.c.obj
                0x10003858                alarm_pool_init_default
 .text.alarm_pool_add_alarm_at
                0x100038c4      0x178 CMakeFiles/gekimax.dir/C_/Program_Files/Raspberry_Pi/Pico_SDK_v1.5.1/pico-sdk/src/common/pico_time/time.c.obj
                0x100038c4                alarm_pool_add_alarm_at
 .text.sleep_until
                0x10003a3c       0xc4 CMakeFiles/gekimax.dir/C_/Program_Files/Raspberry_Pi/Pico_SDK_v1.5.1/pico-sdk/src/common/pico_time/time.c.obj
                0x10003a3c                sleep_until
 .text.sleep_us
                0x10003b00       0x24 CMakeFiles/gekimax.dir/C_/Program_Files/Raspberry_Pi/Pico_SDK_v1.5.1/pico-sdk/src/common/pico_time/time.c.obj
                0x10003b00                sleep_us
 .text.sleep_ms
                0x10003b24       0x34 CMakeFiles/gekimax.dir/C_/Program_Files/Raspberry_Pi/Pico_SDK_v1.5.1/pico-sdk/src/common/pico_time/time.c.obj
                0x10003b24                sleep_ms
 .text.best_effort_wfe_or_timeout
                0x10003b58       0xd4 CMakeFiles/gekimax.dir/C_/Program_Files/Raspberry_Pi/Pico_SDK_v1.5.1/pico-sdk/src/common/pico_time/time.c.obj
                0x10003b58                best_effort_wfe_or_timeout
 .text.hardware_alarm_irq_handler
                0x10003c2c       0xbc CMakeFiles/gekimax.dir/C_/Program_Files/Raspberry_Pi/Pico_SDK_v1.5.1/pico-sdk/src/rp2_common/hardware_timer/timer.c.obj
 .text.hardware_alarm_claim
                0x10003ce8       0x18 CMakeFiles/gekimax.dir/C_/Program_Files/Raspberry_Pi/Pico_SDK_v1.5.1/pico-sdk/src/rp2_common/hardware_timer/timer.c.obj
                0x10003ce8                hardware_alarm_claim
 .text.time_us_64
                0x10003d00       0x14 CMakeFiles/gekimax.dir/C_/Program_Files/Raspberry_Pi/Pico_SDK_v1.5.1/pico-sdk/src/rp2_common/hardware_timer/timer.c.obj
                0x10003d00                time_us_64
 .text.busy_wait_until
                0x10003d14       0x20 CMakeFiles/gekimax.dir/C_/Program_Files/Raspberry_Pi/Pico_SDK_v1.5.1/pico-sdk/src/rp2_common/hardware_timer/timer.c.obj
                0x10003d14                busy_wait_until
 .text.hardware_alarm_set_callback
                0x10003d34       0x8c CMakeFiles/gekimax.dir/C_/Program_Files/Raspberry_Pi/Pico_SDK_v1.5.1/pico-sdk/src/rp2_common/hardware_timer/timer.c.obj
                0x10003d34                hardware_alarm_set_callback
 .text.hardware_alarm_set_target
                0x10003dc0       0xd4 CMakeFiles/gekimax.dir/C_/Program_Files/Raspberry_Pi/Pico_SDK_v1.5.1/pico-sdk/src/rp2_common/hardware_timer/timer.c.obj
                0x10003dc0                hardware_alarm_set_target
 .text.hardware_alarm_cancel
                0x10003e94       0x3c CMakeFiles/gekimax.dir/C_/Program_Files/Raspberry_Pi/Pico_SDK_v1.5.1/pico-sdk/src/rp2_common/hardware_timer/timer.c.obj
                0x10003e94                hardware_alarm_cancel
 .text.ph_merge_nodes
                0x10003ed0       0x68 CMakeFiles/gekimax.dir/C_/Program_Files/Raspberry_Pi/Pico_SDK_v1.5.1/pico-sdk/src/common/pico_util/pheap.c.obj
 .text.ph_post_alloc_init
                0x10003f38       0x3c CMakeFiles/gekimax.dir/C_/Program_Files/Raspberry_Pi/Pico_SDK_v1.5.1/pico-sdk/src/common/pico_util/pheap.c.obj
                0x10003f38                ph_post_alloc_init
 .text.ph_merge_two_pass
                0x10003f74       0x90 CMakeFiles/gekimax.dir/C_/Program_Files/Raspberry_Pi/Pico_SDK_v1.5.1/pico-sdk/src/common/pico_util/pheap.c.obj
                0x10003f74                ph_merge_two_pass
 .text.ph_remove_any_head
                0x10004004      0x100 CMakeFiles/gekimax.dir/C_/Program_Files/Raspberry_Pi/Pico_SDK_v1.5.1/pico-sdk/src/common/pico_util/pheap.c.obj
 .text.ph_remove_head
                0x10004104      0x104 CMakeFiles/gekimax.dir/C_/Program_Files/Raspberry_Pi/Pico_SDK_v1.5.1/pico-sdk/src/common/pico_util/pheap.c.obj
                0x10004104                ph_remove_head
 .text.ph_remove_and_free_node
                0x10004208       0x7c CMakeFiles/gekimax.dir/C_/Program_Files/Raspberry_Pi/Pico_SDK_v1.5.1/pico-sdk/src/common/pico_util/pheap.c.obj
                0x10004208                ph_remove_and_free_node
 .text.clocks_init
                0x10004284      0x2d0 CMakeFiles/gekimax.dir/C_/Program_Files/Raspberry_Pi/Pico_SDK_v1.5.1/pico-sdk/src/rp2_common/hardware_clocks/clocks.c.obj
                0x10004284                clocks_init
 .text.clock_get_hz
                0x10004554        0xc CMakeFiles/gekimax.dir/C_/Program_Files/Raspberry_Pi/Pico_SDK_v1.5.1/pico-sdk/src/rp2_common/hardware_clocks/clocks.c.obj
                0x10004554                clock_get_hz
 .text.pll_init
                0x10004560       0xa0 CMakeFiles/gekimax.dir/C_/Program_Files/Raspberry_Pi/Pico_SDK_v1.5.1/pico-sdk/src/rp2_common/hardware_pll/pll.c.obj
                0x10004560                pll_init
 .text.watchdog_start_tick
                0x10004600       0x10 CMakeFiles/gekimax.dir/C_/Program_Files/Raspberry_Pi/Pico_SDK_v1.5.1/pico-sdk/src/rp2_common/hardware_watchdog/watchdog.c.obj
                0x10004600                watchdog_start_tick
 .text.watchdog_reboot
                0x10004610       0x98 CMakeFiles/gekimax.dir/C_/Program_Files/Raspberry_Pi/Pico_SDK_v1.5.1/pico-sdk/src/rp2_common/hardware_watchdog/watchdog.c.obj
                0x10004610                watchdog_reboot
 .text.xosc_init
                0x100046a8       0x28 CMakeFiles/gekimax.dir/C_/Program_Files/Raspberry_Pi/Pico_SDK_v1.5.1/pico-sdk/src/rp2_common/hardware_xosc/xosc.c.obj
                0x100046a8                xosc_init
 .text.runtime_init
                0x100046d0       0xf0 CMakeFiles/gekimax.dir/C_/Program_Files/Raspberry_Pi/Pico_SDK_v1.5.1/pico-sdk/src/rp2_common/pico_runtime/runtime.c.obj
                0x100046d0                runtime_init
 .text._exit    0x100047c0        0x4 CMakeFiles/gekimax.dir/C_/Program_Files/Raspberry_Pi/Pico_SDK_v1.5.1/pico-sdk/src/rp2_common/pico_runtime/runtime.c.obj
                0x100047c0                _exit
 .text.exit     0x100047c4        0x8 CMakeFiles/gekimax.dir/C_/Program_Files/Raspberry_Pi/Pico_SDK_v1.5.1/pico-sdk/src/rp2_common/pico_runtime/runtime.c.obj
                0x100047c4                exit
 .text.panic    0x100047cc       0x30 CMakeFiles/gekimax.dir/C_/Program_Files/Raspberry_Pi/Pico_SDK_v1.5.1/pico-sdk/src/rp2_common/pico_runtime/runtime.c.obj
                0x100047cc                panic
 .text.hard_assertion_failure
                0x100047fc        0xc CMakeFiles/gekimax.dir/C_/Program_Files/Raspberry_Pi/Pico_SDK_v1.5.1/pico-sdk/src/rp2_common/pico_runtime/runtime.c.obj
                0x100047fc                hard_assertion_failure
 .text._out_buffer
                0x10004808        0x8 CMakeFiles/gekimax.dir/C_/Program_Files/Raspberry_Pi/Pico_SDK_v1.5.1/pico-sdk/src/rp2_common/pico_printf/printf.c.obj
 .text._out_null
                0x10004810        0x4 CMakeFiles/gekimax.dir/C_/Program_Files/Raspberry_Pi/Pico_SDK_v1.5.1/pico-sdk/src/rp2_common/pico_printf/printf.c.obj
 .text._out_rev
                0x10004814       0x9c CMakeFiles/gekimax.dir/C_/Program_Files/Raspberry_Pi/Pico_SDK_v1.5.1/pico-sdk/src/rp2_common/pico_printf/printf.c.obj
 .text._ntoa_format
                0x100048b0      0x1cc CMakeFiles/gekimax.dir/C_/Program_Files/Raspberry_Pi/Pico_SDK_v1.5.1/pico-sdk/src/rp2_common/pico_printf/printf.c.obj
 .text._out_char
                0x10004a7c       0x10 CMakeFiles/gekimax.dir/C_/Program_Files/Raspberry_Pi/Pico_SDK_v1.5.1/pico-sdk/src/rp2_common/pico_printf/printf.c.obj
 .text._etoa    0x10004a8c      0x44c CMakeFiles/gekimax.dir/C_/Program_Files/Raspberry_Pi/Pico_SDK_v1.5.1/pico-sdk/src/rp2_common/pico_printf/printf.c.obj
 .text._ftoa    0x10004ed8      0x398 CMakeFiles/gekimax.dir/C_/Program_Files/Raspberry_Pi/Pico_SDK_v1.5.1/pico-sdk/src/rp2_common/pico_printf/printf.c.obj
 .text._vsnprintf
                0x10005270      0xb04 CMakeFiles/gekimax.dir/C_/Program_Files/Raspberry_Pi/Pico_SDK_v1.5.1/pico-sdk/src/rp2_common/pico_printf/printf.c.obj
 .text.__wrap_snprintf
                0x10005d74       0x28 CMakeFiles/gekimax.dir/C_/Program_Files/Raspberry_Pi/Pico_SDK_v1.5.1/pico-sdk/src/rp2_common/pico_printf/printf.c.obj
                0x10005d74                __wrap_snprintf
 .text.weak_raw_vprintf
                0x10005d9c       0x30 CMakeFiles/gekimax.dir/C_/Program_Files/Raspberry_Pi/Pico_SDK_v1.5.1/pico-sdk/src/rp2_common/pico_printf/printf.c.obj
                0x10005d9c                weak_raw_vprintf
 .text          0x10005dcc       0x10 CMakeFiles/gekimax.dir/C_/Program_Files/Raspberry_Pi/Pico_SDK_v1.5.1/pico-sdk/src/rp2_common/pico_bit_ops/bit_ops_aeabi.S.obj
 .text.rom_func_lookup
                0x10005ddc       0x10 CMakeFiles/gekimax.dir/C_/Program_Files/Raspberry_Pi/Pico_SDK_v1.5.1/pico-sdk/src/rp2_common/pico_bootrom/bootrom.c.obj
                0x10005ddc                rom_func_lookup
 .text.rom_data_lookup
                0x10005dec       0x10 CMakeFiles/gekimax.dir/C_/Program_Files/Raspberry_Pi/Pico_SDK_v1.5.1/pico-sdk/src/rp2_common/pico_bootrom/bootrom.c.obj
                0x10005dec                rom_data_lookup
 .text.rom_funcs_lookup
                0x10005dfc       0x44 CMakeFiles/gekimax.dir/C_/Program_Files/Raspberry_Pi/Pico_SDK_v1.5.1/pico-sdk/src/rp2_common/pico_bootrom/bootrom.c.obj
                0x10005dfc                rom_funcs_lookup
 .text.__wrap___aeabi_idiv
                0x10005e40       0x50 CMakeFiles/gekimax.dir/C_/Program_Files/Raspberry_Pi/Pico_SDK_v1.5.1/pico-sdk/src/rp2_common/pico_divider/divider.S.obj
                0x10005e40                __wrap___aeabi_idivmod
                0x10005e40                divmod_s32s32
                0x10005e40                div_s32s32
                0x10005e40                __wrap___aeabi_idiv
                0x10005e48                divmod_s32s32_unsafe
                0x10005e74                divmod_s32s32_savestate
 .text.__wrap___aeabi_uidiv
                0x10005e90       0x4c CMakeFiles/gekimax.dir/C_/Program_Files/Raspberry_Pi/Pico_SDK_v1.5.1/pico-sdk/src/rp2_common/pico_divider/divider.S.obj
                0x10005e90                __wrap___aeabi_uidiv
                0x10005e90                __wrap___aeabi_uidivmod
                0x10005e90                div_u32u32
                0x10005e90                divmod_u32u32
                0x10005e98                divmod_u32u32_unsafe
                0x10005ec0                divmod_u32u32_savestate
 .text.__wrap___aeabi_ldiv
                0x10005edc      0x424 CMakeFiles/gekimax.dir/C_/Program_Files/Raspberry_Pi/Pico_SDK_v1.5.1/pico-sdk/src/rp2_common/pico_divider/divider.S.obj
                0x10005edc                div_s64s64
                0x10005edc                divmod_s64s64
                0x10005edc                __wrap___aeabi_ldivmod
                0x10005f0c                divmod_u64u64
                0x10005f0c                div_u64u64
                0x10005f0c                __wrap___aeabi_uldivmod
                0x10005f1c                divmod_u64u64_savestate
                0x10005f3c                divmod_s64s64_unsafe
                0x10005fc4                divmod_u64u64_unsafe
 .text.__wrap___aeabi_darithmetic
                0x10006300       0x80 CMakeFiles/gekimax.dir/C_/Program_Files/Raspberry_Pi/Pico_SDK_v1.5.1/pico-sdk/src/rp2_common/pico_double/double_aeabi.S.obj
                0x10006300                __wrap___aeabi_drsub
                0x10006306                __wrap___aeabi_dsub
                0x10006318                __wrap___aeabi_dadd
                0x1000632a                __wrap___aeabi_ddiv
                0x10006366                __wrap___aeabi_dmul
 .text.__wrap___aeabi_cdcmple
                0x10006380       0x6c CMakeFiles/gekimax.dir/C_/Program_Files/Raspberry_Pi/Pico_SDK_v1.5.1/pico-sdk/src/rp2_common/pico_double/double_aeabi.S.obj
                0x10006380                __wrap___aeabi_cdrcmple
                0x10006390                __wrap___aeabi_cdcmpeq
                0x10006390                __wrap___aeabi_cdcmple
 .text.__wrap___aeabi_dcmplt
                0x100063ec        0xc CMakeFiles/gekimax.dir/C_/Program_Files/Raspberry_Pi/Pico_SDK_v1.5.1/pico-sdk/src/rp2_common/pico_double/double_aeabi.S.obj
                0x100063ec                __wrap___aeabi_dcmplt
 .text.__wrap___aeabi_dcmple
                0x100063f8       0x10 CMakeFiles/gekimax.dir/C_/Program_Files/Raspberry_Pi/Pico_SDK_v1.5.1/pico-sdk/src/rp2_common/pico_double/double_aeabi.S.obj
                0x100063f8                __wrap___aeabi_dcmple
 .text.__wrap___aeabi_dcmpge
                0x10006408       0x10 CMakeFiles/gekimax.dir/C_/Program_Files/Raspberry_Pi/Pico_SDK_v1.5.1/pico-sdk/src/rp2_common/pico_double/double_aeabi.S.obj
                0x10006408                __wrap___aeabi_dcmpge
 .text.__wrap___aeabi_dcmpgt
                0x10006418        0xa CMakeFiles/gekimax.dir/C_/Program_Files/Raspberry_Pi/Pico_SDK_v1.5.1/pico-sdk/src/rp2_common/pico_double/double_aeabi.S.obj
                0x10006418                __wrap___aeabi_dcmpgt
 .text.__wrap___aeabi_dcmpun
                0x10006422       0x1c CMakeFiles/gekimax.dir/C_/Program_Files/Raspberry_Pi/Pico_SDK_v1.5.1/pico-sdk/src/rp2_common/pico_double/double_aeabi.S.obj
                0x10006422                __wrap___aeabi_dcmpun
 *fill*         0x1000643e        0x2 
 .text.__wrap___aeabi_i2d
                0x10006440       0x38 CMakeFiles/gekimax.dir/C_/Program_Files/Raspberry_Pi/Pico_SDK_v1.5.1/pico-sdk/src/rp2_common/pico_double/double_aeabi.S.obj
                0x10006440                __wrap___aeabi_ui2d
                0x10006448                __wrap___aeabi_i2d
 .text.__wrap___aeabi_d2iz
                0x10006478       0x48 CMakeFiles/gekimax.dir/C_/Program_Files/Raspberry_Pi/Pico_SDK_v1.5.1/pico-sdk/src/rp2_common/pico_double/double_aeabi.S.obj
                0x10006478                double2int_z
                0x10006478                __wrap___aeabi_d2iz
 .text.__wrap___aeabi_d2uiz
                0x100064c0       0x18 CMakeFiles/gekimax.dir/C_/Program_Files/Raspberry_Pi/Pico_SDK_v1.5.1/pico-sdk/src/rp2_common/pico_double/double_aeabi.S.obj
                0x100064c0                __wrap___aeabi_d2uiz
                0x100064c0                double2uint
 .text.__aeabi_double_init
                0x100064d8       0x94 CMakeFiles/gekimax.dir/C_/Program_Files/Raspberry_Pi/Pico_SDK_v1.5.1/pico-sdk/src/rp2_common/pico_double/double_init_rom.c.obj
                0x100064d8                __aeabi_double_init
 .text.double_table_shim_on_use_helper
                0x1000656c       0x2c CMakeFiles/gekimax.dir/C_/Program_Files/Raspberry_Pi/Pico_SDK_v1.5.1/pico-sdk/src/rp2_common/pico_double/double_v1_rom_shim.S.obj
                0x1000656c                double_table_shim_on_use_helper
 .text.__wrap___aeabi_dsub
                0x10006598       0x10 CMakeFiles/gekimax.dir/C_/Program_Files/Raspberry_Pi/Pico_SDK_v1.5.1/pico-sdk/src/rp2_common/pico_double/double_v1_rom_shim.S.obj
                0x10006598                drsub_shim
                0x1000659e                dsub_shim
 .text.dadd_shim
                0x100065a8      0x15c CMakeFiles/gekimax.dir/C_/Program_Files/Raspberry_Pi/Pico_SDK_v1.5.1/pico-sdk/src/rp2_common/pico_double/double_v1_rom_shim.S.obj
                0x100065a8                dadd_shim
 .text.dmul_shim
                0x10006704      0x15c CMakeFiles/gekimax.dir/C_/Program_Files/Raspberry_Pi/Pico_SDK_v1.5.1/pico-sdk/src/rp2_common/pico_double/double_v1_rom_shim.S.obj
                0x10006704                dmul_shim
 .text.ddiv_shim
                0x10006860      0x1b0 CMakeFiles/gekimax.dir/C_/Program_Files/Raspberry_Pi/Pico_SDK_v1.5.1/pico-sdk/src/rp2_common/pico_double/double_v1_rom_shim.S.obj
                0x10006860                ddiv_shim
 .text.double2uint_shim
                0x10006a10        0xe CMakeFiles/gekimax.dir/C_/Program_Files/Raspberry_Pi/Pico_SDK_v1.5.1/pico-sdk/src/rp2_common/pico_double/double_v1_rom_shim.S.obj
                0x10006a10                double2uint_shim
                0x10006a12                double2ufix_shim
 *fill*         0x10006a1e        0x2 
 .text.double2uint64_shim
                0x10006a20       0x70 CMakeFiles/gekimax.dir/C_/Program_Files/Raspberry_Pi/Pico_SDK_v1.5.1/pico-sdk/src/rp2_common/pico_double/double_v1_rom_shim.S.obj
                0x10006a20                double2uint64_shim
                0x10006a22                double2ufix64_shim
                0x10006a42                d2fix_a
 .text.dunpacks
                0x10006a90       0x3c CMakeFiles/gekimax.dir/C_/Program_Files/Raspberry_Pi/Pico_SDK_v1.5.1/pico-sdk/src/rp2_common/pico_double/double_v1_rom_shim.S.obj
                0x10006a90                dunpacks
 .text.__aeabi_lmul
                0x10006acc       0x32 CMakeFiles/gekimax.dir/C_/Program_Files/Raspberry_Pi/Pico_SDK_v1.5.1/pico-sdk/src/rp2_common/pico_int64_ops/pico_int64_ops_aeabi.S.obj
                0x10006acc                __wrap___aeabi_lmul
 *fill*         0x10006afe        0x2 
 .text.__wrap___aeabi_farithmetic
                0x10006b00       0x48 CMakeFiles/gekimax.dir/C_/Program_Files/Raspberry_Pi/Pico_SDK_v1.5.1/pico-sdk/src/rp2_common/pico_float/float_aeabi.S.obj
                0x10006b00                __wrap___aeabi_frsub
                0x10006b06                __wrap___aeabi_fsub
                0x10006b0c                __wrap___aeabi_fadd
                0x10006b12                __wrap___aeabi_fdiv
                0x10006b3a                __wrap___aeabi_fmul
 .text.__wrap___aeabi_cfcmple
                0x10006b48       0x50 CMakeFiles/gekimax.dir/C_/Program_Files/Raspberry_Pi/Pico_SDK_v1.5.1/pico-sdk/src/rp2_common/pico_float/float_aeabi.S.obj
                0x10006b48                __wrap___aeabi_cfrcmple
                0x10006b54                __wrap___aeabi_cfcmple
                0x10006b54                __wrap___aeabi_cfcmpeq
 .text.__wrap___aeabi_fcmplt
                0x10006b98        0xc CMakeFiles/gekimax.dir/C_/Program_Files/Raspberry_Pi/Pico_SDK_v1.5.1/pico-sdk/src/rp2_common/pico_float/float_aeabi.S.obj
                0x10006b98                __wrap___aeabi_fcmplt
 .text.__wrap___aeabi_fcmple
                0x10006ba4       0x10 CMakeFiles/gekimax.dir/C_/Program_Files/Raspberry_Pi/Pico_SDK_v1.5.1/pico-sdk/src/rp2_common/pico_float/float_aeabi.S.obj
                0x10006ba4                __wrap___aeabi_fcmple
 .text.__wrap___aeabi_fcmpgt
                0x10006bb4        0xa CMakeFiles/gekimax.dir/C_/Program_Files/Raspberry_Pi/Pico_SDK_v1.5.1/pico-sdk/src/rp2_common/pico_float/float_aeabi.S.obj
                0x10006bb4                __wrap___aeabi_fcmpgt
 .text.__wrap___aeabi_ui2f
                0x10006bbe        0xa CMakeFiles/gekimax.dir/C_/Program_Files/Raspberry_Pi/Pico_SDK_v1.5.1/pico-sdk/src/rp2_common/pico_float/float_aeabi.S.obj
                0x10006bbe                __wrap___aeabi_ui2f
 .text.__wrap___aeabi_i2f
                0x10006bc8       0x44 CMakeFiles/gekimax.dir/C_/Program_Files/Raspberry_Pi/Pico_SDK_v1.5.1/pico-sdk/src/rp2_common/pico_float/float_aeabi.S.obj
                0x10006bc8                __wrap___aeabi_i2f
 .text.__wrap___aeabi_f2iz
                0x10006c0c       0x4e CMakeFiles/gekimax.dir/C_/Program_Files/Raspberry_Pi/Pico_SDK_v1.5.1/pico-sdk/src/rp2_common/pico_float/float_aeabi.S.obj
                0x10006c0c                float2int_z
                0x10006c0c                __wrap___aeabi_f2iz
 *fill*         0x10006c5a        0x2 
 .text.float2int
                0x10006c5c       0x14 CMakeFiles/gekimax.dir/C_/Program_Files/Raspberry_Pi/Pico_SDK_v1.5.1/pico-sdk/src/rp2_common/pico_float/float_aeabi.S.obj
                0x10006c5c                float2int
 .text.__wrap___aeabi_f2uiz
                0x10006c70        0xc CMakeFiles/gekimax.dir/C_/Program_Files/Raspberry_Pi/Pico_SDK_v1.5.1/pico-sdk/src/rp2_common/pico_float/float_aeabi.S.obj
                0x10006c70                __wrap___aeabi_f2uiz
 .text.fix2float
                0x10006c7c        0xc CMakeFiles/gekimax.dir/C_/Program_Files/Raspberry_Pi/Pico_SDK_v1.5.1/pico-sdk/src/rp2_common/pico_float/float_aeabi.S.obj
                0x10006c7c                fix2float
 .text.__wrap___aeabi_f2d
                0x10006c88       0x14 CMakeFiles/gekimax.dir/C_/Program_Files/Raspberry_Pi/Pico_SDK_v1.5.1/pico-sdk/src/rp2_common/pico_float/float_aeabi.S.obj
                0x10006c88                __wrap___aeabi_f2d
 .text.__wrap_sinf
                0x10006c9c       0x24 CMakeFiles/gekimax.dir/C_/Program_Files/Raspberry_Pi/Pico_SDK_v1.5.1/pico-sdk/src/rp2_common/pico_float/float_aeabi.S.obj
                0x10006c9c                __wrap_sinf
 .text.__aeabi_float_init
                0x10006cc0       0x64 CMakeFiles/gekimax.dir/C_/Program_Files/Raspberry_Pi/Pico_SDK_v1.5.1/pico-sdk/src/rp2_common/pico_float/float_init_rom.c.obj
                0x10006cc0                __aeabi_float_init
 .text.__wrap_remquof
                0x10006d24      0x14c CMakeFiles/gekimax.dir/C_/Program_Files/Raspberry_Pi/Pico_SDK_v1.5.1/pico-sdk/src/rp2_common/pico_float/float_math.c.obj
                0x10006d24                __wrap_remquof
 .text.__wrap_remainderf
                0x10006e70        0xc CMakeFiles/gekimax.dir/C_/Program_Files/Raspberry_Pi/Pico_SDK_v1.5.1/pico-sdk/src/rp2_common/pico_float/float_math.c.obj
                0x10006e70                __wrap_remainderf
 .text.float_table_shim_on_use_helper
                0x10006e7c       0x2c CMakeFiles/gekimax.dir/C_/Program_Files/Raspberry_Pi/Pico_SDK_v1.5.1/pico-sdk/src/rp2_common/pico_float/float_v1_rom_shim.S.obj
                0x10006e7c                float_table_shim_on_use_helper
 .text.float232_shims
                0x10006ea8       0x18 CMakeFiles/gekimax.dir/C_/Program_Files/Raspberry_Pi/Pico_SDK_v1.5.1/pico-sdk/src/rp2_common/pico_float/float_v1_rom_shim.S.obj
                0x10006ea8                float2int_shim
                0x10006eaa                float2fix_shim
 .text.float2double_shim
                0x10006ec0       0x30 CMakeFiles/gekimax.dir/C_/Program_Files/Raspberry_Pi/Pico_SDK_v1.5.1/pico-sdk/src/rp2_common/pico_float/float_v1_rom_shim.S.obj
                0x10006ec0                float2double_shim
 .text          0x10006ef0       0x10 CMakeFiles/gekimax.dir/C_/Program_Files/Raspberry_Pi/Pico_SDK_v1.5.1/pico-sdk/src/rp2_common/pico_mem_ops/mem_ops_aeabi.S.obj
                0x10006ef0                __aeabi_mem_init
 .text.memset   0x10006f00        0xc CMakeFiles/gekimax.dir/C_/Program_Files/Raspberry_Pi/Pico_SDK_v1.5.1/pico-sdk/src/rp2_common/pico_mem_ops/mem_ops_aeabi.S.obj
                0x10006f00                __wrap_memset
 .text.memcpy   0x10006f0c        0xc CMakeFiles/gekimax.dir/C_/Program_Files/Raspberry_Pi/Pico_SDK_v1.5.1/pico-sdk/src/rp2_common/pico_mem_ops/mem_ops_aeabi.S.obj
                0x10006f0c                __wrap_memcpy
                0x10006f0c                __wrap___aeabi_memcpy
 .text.stdio_out_chars_no_crlf
                0x10006f18       0x10 CMakeFiles/gekimax.dir/C_/Program_Files/Raspberry_Pi/Pico_SDK_v1.5.1/pico-sdk/src/rp2_common/pico_stdio/stdio.c.obj
 .text.stdio_out_chars_crlf
                0x10006f28       0xb4 CMakeFiles/gekimax.dir/C_/Program_Files/Raspberry_Pi/Pico_SDK_v1.5.1/pico-sdk/src/rp2_common/pico_stdio/stdio.c.obj
 .text.stdio_put_string.isra.0
                0x10006fdc       0xfc CMakeFiles/gekimax.dir/C_/Program_Files/Raspberry_Pi/Pico_SDK_v1.5.1/pico-sdk/src/rp2_common/pico_stdio/stdio.c.obj
 .text.__wrap_putchar
                0x100070d8       0x98 CMakeFiles/gekimax.dir/C_/Program_Files/Raspberry_Pi/Pico_SDK_v1.5.1/pico-sdk/src/rp2_common/pico_stdio/stdio.c.obj
                0x100070d8                __wrap_putchar
 .text.__wrap_puts
                0x10007170       0x3c CMakeFiles/gekimax.dir/C_/Program_Files/Raspberry_Pi/Pico_SDK_v1.5.1/pico-sdk/src/rp2_common/pico_stdio/stdio.c.obj
                0x10007170                __wrap_puts
 .text.stdio_init_all
                0x100071ac        0x4 CMakeFiles/gekimax.dir/C_/Program_Files/Raspberry_Pi/Pico_SDK_v1.5.1/pico-sdk/src/rp2_common/pico_stdio/stdio.c.obj
                0x100071ac                stdio_init_all
 .text.core1_trampoline
                0x100071b0        0x4 CMakeFiles/gekimax.dir/C_/Program_Files/Raspberry_Pi/Pico_SDK_v1.5.1/pico-sdk/src/rp2_common/pico_multicore/multicore.c.obj
 .text.core1_wrapper
                0x100071b4        0xc CMakeFiles/gekimax.dir/C_/Program_Files/Raspberry_Pi/Pico_SDK_v1.5.1/pico-sdk/src/rp2_common/pico_multicore/multicore.c.obj
                0x100071b4                core1_wrapper
 .text.multicore_launch_core1_raw
                0x100071c0       0x84 CMakeFiles/gekimax.dir/C_/Program_Files/Raspberry_Pi/Pico_SDK_v1.5.1/pico-sdk/src/rp2_common/pico_multicore/multicore.c.obj
                0x100071c0                multicore_launch_core1_raw
 .text.multicore_launch_core1
                0x10007244       0x4c CMakeFiles/gekimax.dir/C_/Program_Files/Raspberry_Pi/Pico_SDK_v1.5.1/pico-sdk/src/rp2_common/pico_multicore/multicore.c.obj
                0x10007244                multicore_launch_core1
 .text.adc_init
                0x10007290       0x38 CMakeFiles/gekimax.dir/C_/Program_Files/Raspberry_Pi/Pico_SDK_v1.5.1/pico-sdk/src/rp2_common/hardware_adc/adc.c.obj
                0x10007290                adc_init
 .text.pio_add_program
                0x100072c8       0xc8 CMakeFiles/gekimax.dir/C_/Program_Files/Raspberry_Pi/Pico_SDK_v1.5.1/pico-sdk/src/rp2_common/hardware_pio/pio.c.obj
                0x100072c8                pio_add_program
 .text.pio_sm_set_consecutive_pindirs
                0x10007390       0xb0 CMakeFiles/gekimax.dir/C_/Program_Files/Raspberry_Pi/Pico_SDK_v1.5.1/pico-sdk/src/rp2_common/hardware_pio/pio.c.obj
                0x10007390                pio_sm_set_consecutive_pindirs
 .text.pio_sm_init
                0x10007440       0x8c CMakeFiles/gekimax.dir/C_/Program_Files/Raspberry_Pi/Pico_SDK_v1.5.1/pico-sdk/src/rp2_common/hardware_pio/pio.c.obj
                0x10007440                pio_sm_init
 .text.dcd_int_enable
                0x100074cc        0xc CMakeFiles/gekimax.dir/C_/Program_Files/Raspberry_Pi/Pico_SDK_v1.5.1/pico-sdk/lib/tinyusb/src/portable/raspberrypi/rp2040/dcd_rp2040.c.obj
                0x100074cc                dcd_int_enable
 .text.dcd_set_address
                0x100074d8       0x14 CMakeFiles/gekimax.dir/C_/Program_Files/Raspberry_Pi/Pico_SDK_v1.5.1/pico-sdk/lib/tinyusb/src/portable/raspberrypi/rp2040/dcd_rp2040.c.obj
                0x100074d8                dcd_set_address
 .text.dcd_connect
                0x100074ec       0x10 CMakeFiles/gekimax.dir/C_/Program_Files/Raspberry_Pi/Pico_SDK_v1.5.1/pico-sdk/lib/tinyusb/src/portable/raspberrypi/rp2040/dcd_rp2040.c.obj
                0x100074ec                dcd_connect
 .text.dcd_init
                0x100074fc       0x98 CMakeFiles/gekimax.dir/C_/Program_Files/Raspberry_Pi/Pico_SDK_v1.5.1/pico-sdk/lib/tinyusb/src/portable/raspberrypi/rp2040/dcd_rp2040.c.obj
                0x100074fc                dcd_init
 .text.dcd_edpt0_status_complete
                0x10007594       0x1c CMakeFiles/gekimax.dir/C_/Program_Files/Raspberry_Pi/Pico_SDK_v1.5.1/pico-sdk/lib/tinyusb/src/portable/raspberrypi/rp2040/dcd_rp2040.c.obj
                0x10007594                dcd_edpt0_status_complete
 .text.dcd_edpt_open
                0x100075b0      0x108 CMakeFiles/gekimax.dir/C_/Program_Files/Raspberry_Pi/Pico_SDK_v1.5.1/pico-sdk/lib/tinyusb/src/portable/raspberrypi/rp2040/dcd_rp2040.c.obj
                0x100075b0                dcd_edpt_open
 .text.dcd_edpt_close_all
                0x100076b8        0x8 CMakeFiles/gekimax.dir/C_/Program_Files/Raspberry_Pi/Pico_SDK_v1.5.1/pico-sdk/lib/tinyusb/src/portable/raspberrypi/rp2040/dcd_rp2040.c.obj
                0x100076b8                dcd_edpt_close_all
 .text.dcd_edpt_xfer
                0x100076c0       0x24 CMakeFiles/gekimax.dir/C_/Program_Files/Raspberry_Pi/Pico_SDK_v1.5.1/pico-sdk/lib/tinyusb/src/portable/raspberrypi/rp2040/dcd_rp2040.c.obj
                0x100076c0                dcd_edpt_xfer
 .text.dcd_edpt_stall
                0x100076e4       0x38 CMakeFiles/gekimax.dir/C_/Program_Files/Raspberry_Pi/Pico_SDK_v1.5.1/pico-sdk/lib/tinyusb/src/portable/raspberrypi/rp2040/dcd_rp2040.c.obj
                0x100076e4                dcd_edpt_stall
 .text.dcd_edpt_clear_stall
                0x1000771c       0x30 CMakeFiles/gekimax.dir/C_/Program_Files/Raspberry_Pi/Pico_SDK_v1.5.1/pico-sdk/lib/tinyusb/src/portable/raspberrypi/rp2040/dcd_rp2040.c.obj
                0x1000771c                dcd_edpt_clear_stall
 .text.rp2040_usb_init
                0x1000774c       0x4c CMakeFiles/gekimax.dir/C_/Program_Files/Raspberry_Pi/Pico_SDK_v1.5.1/pico-sdk/lib/tinyusb/src/portable/raspberrypi/rp2040/rp2040_usb.c.obj
                0x1000774c                rp2040_usb_init
 .text.hw_endpoint_xfer_start
                0x10007798       0x50 CMakeFiles/gekimax.dir/C_/Program_Files/Raspberry_Pi/Pico_SDK_v1.5.1/pico-sdk/lib/tinyusb/src/portable/raspberrypi/rp2040/rp2040_usb.c.obj
                0x10007798                hw_endpoint_xfer_start
 .text.configuration_reset
                0x100077e8       0xa4 CMakeFiles/gekimax.dir/C_/Program_Files/Raspberry_Pi/Pico_SDK_v1.5.1/pico-sdk/lib/tinyusb/src/device/usbd.c.obj
 .text.tud_mounted
                0x1000788c       0x10 CMakeFiles/gekimax.dir/C_/Program_Files/Raspberry_Pi/Pico_SDK_v1.5.1/pico-sdk/lib/tinyusb/src/device/usbd.c.obj
                0x1000788c                tud_mounted
 .text.tud_suspended
                0x1000789c       0x10 CMakeFiles/gekimax.dir/C_/Program_Files/Raspberry_Pi/Pico_SDK_v1.5.1/pico-sdk/lib/tinyusb/src/device/usbd.c.obj
                0x1000789c                tud_suspended
 .text.tud_inited
                0x100078ac       0x14 CMakeFiles/gekimax.dir/C_/Program_Files/Raspberry_Pi/Pico_SDK_v1.5.1/pico-sdk/lib/tinyusb/src/device/usbd.c.obj
                0x100078ac                tud_inited
 .text.tud_init
                0x100078c0       0xf8 CMakeFiles/gekimax.dir/C_/Program_Files/Raspberry_Pi/Pico_SDK_v1.5.1/pico-sdk/lib/tinyusb/src/device/usbd.c.obj
                0x100078c0                tud_init
 .text.tud_task_ext
                0x100079b8      0x760 CMakeFiles/gekimax.dir/C_/Program_Files/Raspberry_Pi/Pico_SDK_v1.5.1/pico-sdk/lib/tinyusb/src/device/usbd.c.obj
                0x100079b8                tud_task_ext
 .text.usbd_open_edpt_pair
                0x10008118       0x9c CMakeFiles/gekimax.dir/C_/Program_Files/Raspberry_Pi/Pico_SDK_v1.5.1/pico-sdk/lib/tinyusb/src/device/usbd.c.obj
                0x10008118                usbd_open_edpt_pair
 .text.usbd_edpt_open
                0x100081b4       0x34 CMakeFiles/gekimax.dir/C_/Program_Files/Raspberry_Pi/Pico_SDK_v1.5.1/pico-sdk/lib/tinyusb/src/device/usbd.c.obj
                0x100081b4                usbd_edpt_open
 .text.usbd_edpt_claim
                0x100081e8       0x28 CMakeFiles/gekimax.dir/C_/Program_Files/Raspberry_Pi/Pico_SDK_v1.5.1/pico-sdk/lib/tinyusb/src/device/usbd.c.obj
                0x100081e8                usbd_edpt_claim
 .text.usbd_edpt_release
                0x10008210       0x28 CMakeFiles/gekimax.dir/C_/Program_Files/Raspberry_Pi/Pico_SDK_v1.5.1/pico-sdk/lib/tinyusb/src/device/usbd.c.obj
                0x10008210                usbd_edpt_release
 .text.usbd_edpt_xfer
                0x10008238       0x4c CMakeFiles/gekimax.dir/C_/Program_Files/Raspberry_Pi/Pico_SDK_v1.5.1/pico-sdk/lib/tinyusb/src/device/usbd.c.obj
                0x10008238                usbd_edpt_xfer
 .text.usbd_edpt_busy
                0x10008284       0x1c CMakeFiles/gekimax.dir/C_/Program_Files/Raspberry_Pi/Pico_SDK_v1.5.1/pico-sdk/lib/tinyusb/src/device/usbd.c.obj
                0x10008284                usbd_edpt_busy
 .text.tud_control_status
                0x100082a0       0x30 CMakeFiles/gekimax.dir/C_/Program_Files/Raspberry_Pi/Pico_SDK_v1.5.1/pico-sdk/lib/tinyusb/src/device/usbd_control.c.obj
                0x100082a0                tud_control_status
 .text.tud_control_xfer
                0x100082d0       0xbc CMakeFiles/gekimax.dir/C_/Program_Files/Raspberry_Pi/Pico_SDK_v1.5.1/pico-sdk/lib/tinyusb/src/device/usbd_control.c.obj
                0x100082d0                tud_control_xfer
 .text.usbd_control_reset
                0x1000838c       0x14 CMakeFiles/gekimax.dir/C_/Program_Files/Raspberry_Pi/Pico_SDK_v1.5.1/pico-sdk/lib/tinyusb/src/device/usbd_control.c.obj
                0x1000838c                usbd_control_reset
 .text.usbd_control_set_complete_callback
                0x100083a0        0xc CMakeFiles/gekimax.dir/C_/Program_Files/Raspberry_Pi/Pico_SDK_v1.5.1/pico-sdk/lib/tinyusb/src/device/usbd_control.c.obj
                0x100083a0                usbd_control_set_complete_callback
 .text.usbd_control_set_request
                0x100083ac       0x1c CMakeFiles/gekimax.dir/C_/Program_Files/Raspberry_Pi/Pico_SDK_v1.5.1/pico-sdk/lib/tinyusb/src/device/usbd_control.c.obj
                0x100083ac                usbd_control_set_request
 .text.usbd_control_xfer_cb
                0x100083c8       0xfc CMakeFiles/gekimax.dir/C_/Program_Files/Raspberry_Pi/Pico_SDK_v1.5.1/pico-sdk/lib/tinyusb/src/device/usbd_control.c.obj
                0x100083c8                usbd_control_xfer_cb
 .text.tud_cdc_n_connected
                0x100084c4       0x30 CMakeFiles/gekimax.dir/C_/Program_Files/Raspberry_Pi/Pico_SDK_v1.5.1/pico-sdk/lib/tinyusb/src/class/cdc/cdc_device.c.obj
                0x100084c4                tud_cdc_n_connected
 .text.tud_cdc_n_available
                0x100084f4       0x18 CMakeFiles/gekimax.dir/C_/Program_Files/Raspberry_Pi/Pico_SDK_v1.5.1/pico-sdk/lib/tinyusb/src/class/cdc/cdc_device.c.obj
                0x100084f4                tud_cdc_n_available
 .text.tud_cdc_n_read
                0x1000850c       0x70 CMakeFiles/gekimax.dir/C_/Program_Files/Raspberry_Pi/Pico_SDK_v1.5.1/pico-sdk/lib/tinyusb/src/class/cdc/cdc_device.c.obj
                0x1000850c                tud_cdc_n_read
 .text.tud_cdc_n_write_flush
                0x1000857c       0x78 CMakeFiles/gekimax.dir/C_/Program_Files/Raspberry_Pi/Pico_SDK_v1.5.1/pico-sdk/lib/tinyusb/src/class/cdc/cdc_device.c.obj
                0x1000857c                tud_cdc_n_write_flush
 .text.tud_cdc_n_write
                0x100085f4       0x34 CMakeFiles/gekimax.dir/C_/Program_Files/Raspberry_Pi/Pico_SDK_v1.5.1/pico-sdk/lib/tinyusb/src/class/cdc/cdc_device.c.obj
                0x100085f4                tud_cdc_n_write
 .text.cdcd_init
                0x10008628       0x7c CMakeFiles/gekimax.dir/C_/Program_Files/Raspberry_Pi/Pico_SDK_v1.5.1/pico-sdk/lib/tinyusb/src/class/cdc/cdc_device.c.obj
                0x10008628                cdcd_init
 .text.cdcd_reset
                0x100086a4       0x2c CMakeFiles/gekimax.dir/C_/Program_Files/Raspberry_Pi/Pico_SDK_v1.5.1/pico-sdk/lib/tinyusb/src/class/cdc/cdc_device.c.obj
                0x100086a4                cdcd_reset
 .text.cdcd_open
                0x100086d0       0xe8 CMakeFiles/gekimax.dir/C_/Program_Files/Raspberry_Pi/Pico_SDK_v1.5.1/pico-sdk/lib/tinyusb/src/class/cdc/cdc_device.c.obj
                0x100086d0                cdcd_open
 .text.cdcd_control_xfer_cb
                0x100087b8       0xe4 CMakeFiles/gekimax.dir/C_/Program_Files/Raspberry_Pi/Pico_SDK_v1.5.1/pico-sdk/lib/tinyusb/src/class/cdc/cdc_device.c.obj
                0x100087b8                cdcd_control_xfer_cb
 .text.cdcd_xfer_cb
                0x1000889c      0x148 CMakeFiles/gekimax.dir/C_/Program_Files/Raspberry_Pi/Pico_SDK_v1.5.1/pico-sdk/lib/tinyusb/src/class/cdc/cdc_device.c.obj
                0x1000889c                cdcd_xfer_cb
 .text.tud_hid_n_ready
                0x100089e4       0x38 CMakeFiles/gekimax.dir/C_/Program_Files/Raspberry_Pi/Pico_SDK_v1.5.1/pico-sdk/lib/tinyusb/src/class/hid/hid_device.c.obj
                0x100089e4                tud_hid_n_ready
 .text.tud_hid_n_report
                0x10008a1c       0x90 CMakeFiles/gekimax.dir/C_/Program_Files/Raspberry_Pi/Pico_SDK_v1.5.1/pico-sdk/lib/tinyusb/src/class/hid/hid_device.c.obj
                0x10008a1c                tud_hid_n_report
 .text.hidd_init
                0x10008aac       0x14 CMakeFiles/gekimax.dir/C_/Program_Files/Raspberry_Pi/Pico_SDK_v1.5.1/pico-sdk/lib/tinyusb/src/class/hid/hid_device.c.obj
                0x10008aac                hidd_init
 .text.hidd_reset
                0x10008ac0       0x14 CMakeFiles/gekimax.dir/C_/Program_Files/Raspberry_Pi/Pico_SDK_v1.5.1/pico-sdk/lib/tinyusb/src/class/hid/hid_device.c.obj
                0x10008ac0                hidd_reset
 .text.hidd_open
                0x10008ad4       0x90 CMakeFiles/gekimax.dir/C_/Program_Files/Raspberry_Pi/Pico_SDK_v1.5.1/pico-sdk/lib/tinyusb/src/class/hid/hid_device.c.obj
                0x10008ad4                hidd_open
 .text.hidd_control_xfer_cb
                0x10008b64      0x1bc CMakeFiles/gekimax.dir/C_/Program_Files/Raspberry_Pi/Pico_SDK_v1.5.1/pico-sdk/lib/tinyusb/src/class/hid/hid_device.c.obj
                0x10008b64                hidd_control_xfer_cb
 .text.hidd_xfer_cb
                0x10008d20       0x68 CMakeFiles/gekimax.dir/C_/Program_Files/Raspberry_Pi/Pico_SDK_v1.5.1/pico-sdk/lib/tinyusb/src/class/hid/hid_device.c.obj
                0x10008d20                hidd_xfer_cb
 .text.tusb_init
                0x10008d88        0xc CMakeFiles/gekimax.dir/C_/Program_Files/Raspberry_Pi/Pico_SDK_v1.5.1/pico-sdk/lib/tinyusb/src/tusb.c.obj
                0x10008d88                tusb_init
 .text.tusb_inited
                0x10008d94        0x8 CMakeFiles/gekimax.dir/C_/Program_Files/Raspberry_Pi/Pico_SDK_v1.5.1/pico-sdk/lib/tinyusb/src/tusb.c.obj
                0x10008d94                tusb_inited
 .text.tu_edpt_claim
                0x10008d9c       0x50 CMakeFiles/gekimax.dir/C_/Program_Files/Raspberry_Pi/Pico_SDK_v1.5.1/pico-sdk/lib/tinyusb/src/tusb.c.obj
                0x10008d9c                tu_edpt_claim
 .text.tu_edpt_release
                0x10008dec       0x38 CMakeFiles/gekimax.dir/C_/Program_Files/Raspberry_Pi/Pico_SDK_v1.5.1/pico-sdk/lib/tinyusb/src/tusb.c.obj
                0x10008dec                tu_edpt_release
 .text.tu_edpt_validate
                0x10008e24       0x78 CMakeFiles/gekimax.dir/C_/Program_Files/Raspberry_Pi/Pico_SDK_v1.5.1/pico-sdk/lib/tinyusb/src/tusb.c.obj
                0x10008e24                tu_edpt_validate
 .text.tu_edpt_bind_driver
                0x10008e9c       0x34 CMakeFiles/gekimax.dir/C_/Program_Files/Raspberry_Pi/Pico_SDK_v1.5.1/pico-sdk/lib/tinyusb/src/tusb.c.obj
                0x10008e9c                tu_edpt_bind_driver
 .text.tu_fifo_config
                0x10008ed0       0x70 CMakeFiles/gekimax.dir/C_/Program_Files/Raspberry_Pi/Pico_SDK_v1.5.1/pico-sdk/lib/tinyusb/src/common/tusb_fifo.c.obj
                0x10008ed0                tu_fifo_config
 .text.tu_fifo_count
                0x10008f40       0x2c CMakeFiles/gekimax.dir/C_/Program_Files/Raspberry_Pi/Pico_SDK_v1.5.1/pico-sdk/lib/tinyusb/src/common/tusb_fifo.c.obj
                0x10008f40                tu_fifo_count
 .text.tu_fifo_empty
                0x10008f6c       0x10 CMakeFiles/gekimax.dir/C_/Program_Files/Raspberry_Pi/Pico_SDK_v1.5.1/pico-sdk/lib/tinyusb/src/common/tusb_fifo.c.obj
                0x10008f6c                tu_fifo_empty
 .text.tu_fifo_remaining
                0x10008f7c       0x2c CMakeFiles/gekimax.dir/C_/Program_Files/Raspberry_Pi/Pico_SDK_v1.5.1/pico-sdk/lib/tinyusb/src/common/tusb_fifo.c.obj
                0x10008f7c                tu_fifo_remaining
 .text.tu_fifo_read
                0x10008fa8       0xa0 CMakeFiles/gekimax.dir/C_/Program_Files/Raspberry_Pi/Pico_SDK_v1.5.1/pico-sdk/lib/tinyusb/src/common/tusb_fifo.c.obj
                0x10008fa8                tu_fifo_read
 .text.tu_fifo_read_n
                0x10009048       0xec CMakeFiles/gekimax.dir/C_/Program_Files/Raspberry_Pi/Pico_SDK_v1.5.1/pico-sdk/lib/tinyusb/src/common/tusb_fifo.c.obj
                0x10009048                tu_fifo_read_n
 .text.tu_fifo_write
                0x10009134       0x88 CMakeFiles/gekimax.dir/C_/Program_Files/Raspberry_Pi/Pico_SDK_v1.5.1/pico-sdk/lib/tinyusb/src/common/tusb_fifo.c.obj
                0x10009134                tu_fifo_write
 .text.tu_fifo_write_n
                0x100091bc      0x168 CMakeFiles/gekimax.dir/C_/Program_Files/Raspberry_Pi/Pico_SDK_v1.5.1/pico-sdk/lib/tinyusb/src/common/tusb_fifo.c.obj
                0x100091bc                tu_fifo_write_n
 .text.tu_fifo_clear
                0x10009324       0x40 CMakeFiles/gekimax.dir/C_/Program_Files/Raspberry_Pi/Pico_SDK_v1.5.1/pico-sdk/lib/tinyusb/src/common/tusb_fifo.c.obj
                0x10009324                tu_fifo_clear
 .text.tu_fifo_set_overwritable
                0x10009364       0x48 CMakeFiles/gekimax.dir/C_/Program_Files/Raspberry_Pi/Pico_SDK_v1.5.1/pico-sdk/lib/tinyusb/src/common/tusb_fifo.c.obj
                0x10009364                tu_fifo_set_overwritable
 .text.strchr   0x100093ac       0xc0 c:/progra~1/raspbe~2/picosd~1.1/gcc-ar~1/bin/../lib/gcc/arm-none-eabi/10.3.1/../../../../arm-none-eabi/lib/thumb/v6-m/nofp\libc.a(lib_a-strchr.o)
                0x100093ac                strchr
 .text.strlen   0x1000946c       0x5c c:/progra~1/raspbe~2/picosd~1.1/gcc-ar~1/bin/../lib/gcc/arm-none-eabi/10.3.1/../../../../arm-none-eabi/lib/thumb/v6-m/nofp\libc.a(lib_a-strlen-stub.o)
                0x1000946c                strlen
 .text.strncmp  0x100094c8       0x74 c:/progra~1/raspbe~2/picosd~1.1/gcc-ar~1/bin/../lib/gcc/arm-none-eabi/10.3.1/../../../../arm-none-eabi/lib/thumb/v6-m/nofp\libc.a(lib_a-strncmp.o)
                0x100094c8                strncmp
 .text.two_way_long_needle
                0x1000953c      0x288 c:/progra~1/raspbe~2/picosd~1.1/gcc-ar~1/bin/../lib/gcc/arm-none-eabi/10.3.1/../../../../arm-none-eabi/lib/thumb/v6-m/nofp\libc.a(lib_a-strstr.o)
 .text.strstr   0x100097c4      0x174 c:/progra~1/raspbe~2/picosd~1.1/gcc-ar~1/bin/../lib/gcc/arm-none-eabi/10.3.1/../../../../arm-none-eabi/lib/thumb/v6-m/nofp\libc.a(lib_a-strstr.o)
                0x100097c4                strstr
 .text._strtoul_l.constprop.0
                0x10009938      0x148 c:/progra~1/raspbe~2/picosd~1.1/gcc-ar~1/bin/../lib/gcc/arm-none-eabi/10.3.1/../../../../arm-none-eabi/lib/thumb/v6-m/nofp\libc.a(lib_a-strtoul.o)
 .text.strtoul  0x10009a80       0x18 c:/progra~1/raspbe~2/picosd~1.1/gcc-ar~1/bin/../lib/gcc/arm-none-eabi/10.3.1/../../../../arm-none-eabi/lib/thumb/v6-m/nofp\libc.a(lib_a-strtoul.o)
                0x10009a80                strtoul
 .text.strnlen  0x10009a98       0x24 c:/progra~1/raspbe~2/picosd~1.1/gcc-ar~1/bin/../lib/gcc/arm-none-eabi/10.3.1/../../../../arm-none-eabi/lib/thumb/v6-m/nofp\libc.a(lib_a-strnlen.o)
                0x10009a98                strnlen
 *(.fini)
 .fini          0x10009abc        0x4 c:/progra~1/raspbe~2/picosd~1.1/gcc-ar~1/bin/../lib/gcc/arm-none-eabi/10.3.1/thumb/v6-m/nofp/crti.o
                0x10009abc                _fini
 .fini.__stub   0x10009ac0       0xf0 linker stubs
 *crtbegin.o(.ctors)
 *crtbegin?.o(.ctors)
 *(EXCLUDE_FILE(*crtend.o *crtend?.o) .ctors)
 *(SORT_BY_NAME(.ctors.*))
 *(.ctors)
 *crtbegin.o(.dtors)
 *crtbegin?.o(.dtors)
 *(EXCLUDE_FILE(*crtend.o *crtend?.o) .dtors)
 *(SORT_BY_NAME(.dtors.*))
 *(.dtors)
 *(.eh_frame*)
 .eh_frame      0x10009bb0        0x0 c:/progra~1/raspbe~2/picosd~1.1/gcc-ar~1/bin/../lib/gcc/arm-none-eabi/10.3.1/thumb/v6-m/nofp/crtbegin.o
                0x10009bb0                . = ALIGN (0x4)

.glue_7         0x10009bb0        0x0
 .glue_7        0x10009bb0        0x0 linker stubs

.glue_7t        0x10009bb0        0x0
 .glue_7t       0x10009bb0        0x0 linker stubs

.vfp11_veneer   0x10009bb0        0x0
 .vfp11_veneer  0x10009bb0        0x0 linker stubs

.v4_bx          0x10009bb0        0x0
 .v4_bx         0x10009bb0        0x0 linker stubs

.iplt           0x10009bb0        0x0
 .iplt          0x10009bb0        0x0 c:/progra~1/raspbe~2/picosd~1.1/gcc-ar~1/bin/../lib/gcc/arm-none-eabi/10.3.1/thumb/v6-m/nofp/crtbegin.o

.rodata         0x10009bb0      0xc88
 *(EXCLUDE_FILE(*libm.a: *libc.a:*lib_a-mem*.o *libgcc.a:) .rodata*)
 .rodata.config_reset_defaults.str1.4
                0x10009bb0       0x16 CMakeFiles/gekimax.dir/src/config.cpp.obj
 *fill*         0x10009bc6        0x2 
 .rodata        0x10009bc8       0x15 CMakeFiles/gekimax.dir/src/config.cpp.obj
 *fill*         0x10009bdd        0x3 
 .rodata._ZL18DEFAULT_LED_COLORS
                0x10009be0       0x3f CMakeFiles/gekimax.dir/src/config.cpp.obj
 *fill*         0x10009c1f        0x1 
 .rodata._Z19led_update_reactivem
                0x10009c20       0x3c CMakeFiles/gekimax.dir/src/led_driver.cpp.obj
 .rodata._ZL14ws2812_program
                0x10009c5c        0x6 CMakeFiles/gekimax.dir/src/led_driver.cpp.obj
 *fill*         0x10009c62        0x2 
 .rodata._ZL27ws2812_program_instructions
                0x10009c64        0x8 CMakeFiles/gekimax.dir/src/led_driver.cpp.obj
 .rodata.str1.4
                0x10009c6c      0x120 CMakeFiles/gekimax.dir/src/usb/usb_descriptors.c.obj
                                0x124 (size before relaxing)
 .rodata.CSWTCH.11
                0x10009d8c       0x10 CMakeFiles/gekimax.dir/src/usb/usb_descriptors.c.obj
 .rodata.CSWTCH.8
                0x10009d9c       0x10 CMakeFiles/gekimax.dir/src/usb/usb_descriptors.c.obj
 .rodata.__compound_literal.0
                0x10009dac        0x2 CMakeFiles/gekimax.dir/src/usb/usb_descriptors.c.obj
 *fill*         0x10009dae        0x2 
 .rodata.__compound_literal.1
                0x10009db0        0x2 CMakeFiles/gekimax.dir/src/usb/usb_descriptors.c.obj
 *fill*         0x10009db2        0x2 
 .rodata.__compound_literal.2
                0x10009db4        0x2 CMakeFiles/gekimax.dir/src/usb/usb_descriptors.c.obj
 *fill*         0x10009db6        0x2 
 .rodata.__compound_literal.3
                0x10009db8        0x2 CMakeFiles/gekimax.dir/src/usb/usb_descriptors.c.obj
 *fill*         0x10009dba        0x2 
 .rodata.desc_config_cdc
                0x10009dbc       0x4b CMakeFiles/gekimax.dir/src/usb/usb_descriptors.c.obj
 *fill*         0x10009e07        0x1 
 .rodata.desc_config_io4
                0x10009e08       0x29 CMakeFiles/gekimax.dir/src/usb/usb_descriptors.c.obj
 *fill*         0x10009e31        0x3 
 .rodata.desc_config_km
                0x10009e34       0x22 CMakeFiles/gekimax.dir/src/usb/usb_descriptors.c.obj
 *fill*         0x10009e56        0x2 
 .rodata.desc_config_xinput
                0x10009e58       0x30 CMakeFiles/gekimax.dir/src/usb/usb_descriptors.c.obj
 .rodata.desc_device_config
                0x10009e88       0x12 CMakeFiles/gekimax.dir/src/usb/usb_descriptors.c.obj
 *fill*         0x10009e9a        0x2 
 .rodata.desc_device_io4
                0x10009e9c       0x12 CMakeFiles/gekimax.dir/src/usb/usb_descriptors.c.obj
 *fill*         0x10009eae        0x2 
 .rodata.desc_device_km
                0x10009eb0       0x12 CMakeFiles/gekimax.dir/src/usb/usb_descriptors.c.obj
 *fill*         0x10009ec2        0x2 
 .rodata.desc_device_xinput
                0x10009ec4       0x12 CMakeFiles/gekimax.dir/src/usb/usb_descriptors.c.obj
 *fill*         0x10009ed6        0x2 
 .rodata.desc_hid_report_io4
                0x10009ed8       0x71 CMakeFiles/gekimax.dir/src/usb/usb_descriptors.c.obj
 *fill*         0x10009f49        0x3 
 .rodata.desc_hid_report_keyboard
                0x10009f4c       0x17 CMakeFiles/gekimax.dir/src/usb/usb_descriptors.c.obj
 *fill*         0x10009f63        0x1 
 .rodata._ZN8hid_modeL11BUTTON_PINSE
                0x10009f64       0x15 CMakeFiles/gekimax.dir/src/usb/hid_mode.cpp.obj
 *fill*         0x10009f79        0x3 
 .rodata._ZL13xinput_driver
                0x10009f7c       0x18 CMakeFiles/gekimax.dir/src/usb/xinput_mode.cpp.obj
 .rodata._ZZL29xinput_driver_control_xfer_cbhhPK22tusb_control_request_tE11xinput_caps
                0x10009f94       0x14 CMakeFiles/gekimax.dir/src/usb/xinput_mode.cpp.obj
 .rodata._ZL16parse_json_arrayPKcS0_Phj.constprop.0.str1.4
                0x10009fa8        0x6 CMakeFiles/gekimax.dir/src/usb/serial_config.cpp.obj
 *fill*         0x10009fae        0x2 
 .rodata.serial_config_update_task.str1.4
                0x10009fb0      0x2ff CMakeFiles/gekimax.dir/src/usb/serial_config.cpp.obj
                                0x31b (size before relaxing)
 *fill*         0x1000a2af        0x1 
 .rodata        0x1000a2b0        0x3 CMakeFiles/gekimax.dir/src/usb/serial_config.cpp.obj
 *fill*         0x1000a2b3        0x1 
 .rodata.spin_lock_claim_unused.str1.4
                0x1000a2b4       0x1b CMakeFiles/gekimax.dir/C_/Program_Files/Raspberry_Pi/Pico_SDK_v1.5.1/pico-sdk/src/rp2_common/hardware_sync/sync.c.obj
 *fill*         0x1000a2cf        0x1 
 .rodata.hardware_alarm_claim.str1.4
                0x1000a2d0       0x22 CMakeFiles/gekimax.dir/C_/Program_Files/Raspberry_Pi/Pico_SDK_v1.5.1/pico-sdk/src/rp2_common/hardware_timer/timer.c.obj
 *fill*         0x1000a2f2        0x2 
 .rodata.panic.str1.4
                0x1000a2f4       0x10 CMakeFiles/gekimax.dir/C_/Program_Files/Raspberry_Pi/Pico_SDK_v1.5.1/pico-sdk/src/rp2_common/pico_runtime/runtime.c.obj
                                 0x12 (size before relaxing)
 .rodata.hard_assertion_failure.str1.4
                0x1000a304        0xc CMakeFiles/gekimax.dir/C_/Program_Files/Raspberry_Pi/Pico_SDK_v1.5.1/pico-sdk/src/rp2_common/pico_runtime/runtime.c.obj
 .rodata._ftoa.str1.4
                0x1000a310       0x15 CMakeFiles/gekimax.dir/C_/Program_Files/Raspberry_Pi/Pico_SDK_v1.5.1/pico-sdk/src/rp2_common/pico_printf/printf.c.obj
 *fill*         0x1000a325        0x3 
 .rodata._vsnprintf
                0x1000a328      0x1e0 CMakeFiles/gekimax.dir/C_/Program_Files/Raspberry_Pi/Pico_SDK_v1.5.1/pico-sdk/src/rp2_common/pico_printf/printf.c.obj
 .rodata.pow10.0
                0x1000a508       0x50 CMakeFiles/gekimax.dir/C_/Program_Files/Raspberry_Pi/Pico_SDK_v1.5.1/pico-sdk/src/rp2_common/pico_printf/printf.c.obj
 .rodata.str1.4
                0x1000a558       0x3c CMakeFiles/gekimax.dir/C_/Program_Files/Raspberry_Pi/Pico_SDK_v1.5.1/pico-sdk/src/rp2_common/pico_standard_link/binary_info.c.obj
 .rodata.__bi_44
                0x1000a594        0xc CMakeFiles/gekimax.dir/C_/Program_Files/Raspberry_Pi/Pico_SDK_v1.5.1/pico-sdk/src/rp2_common/pico_standard_link/binary_info.c.obj
 .rodata.__bi_75
                0x1000a5a0        0xc CMakeFiles/gekimax.dir/C_/Program_Files/Raspberry_Pi/Pico_SDK_v1.5.1/pico-sdk/src/rp2_common/pico_standard_link/binary_info.c.obj
 .rodata.__bi_81
                0x1000a5ac        0xc CMakeFiles/gekimax.dir/C_/Program_Files/Raspberry_Pi/Pico_SDK_v1.5.1/pico-sdk/src/rp2_common/pico_standard_link/binary_info.c.obj
 .rodata.crlf_str.0
                0x1000a5b8        0x2 CMakeFiles/gekimax.dir/C_/Program_Files/Raspberry_Pi/Pico_SDK_v1.5.1/pico-sdk/src/rp2_common/pico_stdio/stdio.c.obj
 *fill*         0x1000a5ba        0x2 
 .rodata.pio_add_program.str1.4
                0x1000a5bc       0x11 CMakeFiles/gekimax.dir/C_/Program_Files/Raspberry_Pi/Pico_SDK_v1.5.1/pico-sdk/src/rp2_common/hardware_pio/pio.c.obj
 *fill*         0x1000a5cd        0x3 
 .rodata.str1.4
                0x1000a5d0       0x14 CMakeFiles/gekimax.dir/C_/Program_Files/Raspberry_Pi/Pico_SDK_v1.5.1/pico-sdk/lib/tinyusb/src/portable/raspberrypi/rp2040/dcd_rp2040.c.obj
 .rodata.str1.4
                0x1000a5e4       0x53 CMakeFiles/gekimax.dir/C_/Program_Files/Raspberry_Pi/Pico_SDK_v1.5.1/pico-sdk/lib/tinyusb/src/portable/raspberrypi/rp2040/rp2040_usb.c.obj
 *fill*         0x1000a637        0x1 
 .rodata.tud_task_ext
                0x1000a638       0x8c CMakeFiles/gekimax.dir/C_/Program_Files/Raspberry_Pi/Pico_SDK_v1.5.1/pico-sdk/lib/tinyusb/src/device/usbd.c.obj
 .rodata._usbd_driver
                0x1000a6c4       0x30 CMakeFiles/gekimax.dir/C_/Program_Files/Raspberry_Pi/Pico_SDK_v1.5.1/pico-sdk/lib/tinyusb/src/device/usbd.c.obj
 .rodata.hidd_control_xfer_cb
                0x1000a6f4       0x30 CMakeFiles/gekimax.dir/C_/Program_Files/Raspberry_Pi/Pico_SDK_v1.5.1/pico-sdk/lib/tinyusb/src/class/hid/hid_device.c.obj
 .rodata.str1.4
                0x1000a724        0x4 CMakeFiles/gekimax.dir/C_/Program_Files/Raspberry_Pi/Pico_SDK_v1.5.1/pico-sdk/lib/tinyusb/hw/bsp/rp2040/family.c.obj
 .rodata.__bi_142.0
                0x1000a728        0xc CMakeFiles/gekimax.dir/C_/Program_Files/Raspberry_Pi/Pico_SDK_v1.5.1/pico-sdk/lib/tinyusb/hw/bsp/rp2040/family.c.obj
 .rodata._ctype_
                0x1000a734      0x101 c:/progra~1/raspbe~2/picosd~1.1/gcc-ar~1/bin/../lib/gcc/arm-none-eabi/10.3.1/../../../../arm-none-eabi/lib/thumb/v6-m/nofp\libc.a(lib_a-ctype_.o)
                0x1000a734                _ctype_
                0x1000a838                . = ALIGN (0x4)
 *fill*         0x1000a835        0x3 
 *(SORT_BY_ALIGNMENT(SORT_BY_NAME(.flashdata*)))
                0x1000a838                . = ALIGN (0x4)

.ARM.extab
 *(.ARM.extab* .gnu.linkonce.armextab.*)
                0x1000a838                __exidx_start = .

.ARM.exidx
 *(.ARM.exidx* .gnu.linkonce.armexidx.*)
                0x1000a838                __exidx_end = .
                0x1000a838                . = ALIGN (0x4)
                0x1000a838                __binary_info_start = .

.binary_info    0x1000a838       0x20
 *(.binary_info.keep.*)
 .binary_info.keep.__bi_ptr22
                0x1000a838        0x4 CMakeFiles/gekimax.dir/C_/Program_Files/Raspberry_Pi/Pico_SDK_v1.5.1/pico-sdk/src/rp2_common/pico_standard_link/binary_info.c.obj
 .binary_info.keep.__bi_ptr30
                0x1000a83c        0x4 CMakeFiles/gekimax.dir/C_/Program_Files/Raspberry_Pi/Pico_SDK_v1.5.1/pico-sdk/src/rp2_common/pico_standard_link/binary_info.c.obj
 .binary_info.keep.__bi_ptr38
                0x1000a840        0x4 CMakeFiles/gekimax.dir/C_/Program_Files/Raspberry_Pi/Pico_SDK_v1.5.1/pico-sdk/src/rp2_common/pico_standard_link/binary_info.c.obj
 .binary_info.keep.__bi_ptr44
                0x1000a844        0x4 CMakeFiles/gekimax.dir/C_/Program_Files/Raspberry_Pi/Pico_SDK_v1.5.1/pico-sdk/src/rp2_common/pico_standard_link/binary_info.c.obj
 .binary_info.keep.__bi_ptr50
                0x1000a848        0x4 CMakeFiles/gekimax.dir/C_/Program_Files/Raspberry_Pi/Pico_SDK_v1.5.1/pico-sdk/src/rp2_common/pico_standard_link/binary_info.c.obj
 .binary_info.keep.__bi_ptr75
                0x1000a84c        0x4 CMakeFiles/gekimax.dir/C_/Program_Files/Raspberry_Pi/Pico_SDK_v1.5.1/pico-sdk/src/rp2_common/pico_standard_link/binary_info.c.obj
 .binary_info.keep.__bi_ptr81
                0x1000a850        0x4 CMakeFiles/gekimax.dir/C_/Program_Files/Raspberry_Pi/Pico_SDK_v1.5.1/pico-sdk/src/rp2_common/pico_standard_link/binary_info.c.obj
 .binary_info.keep.__bi_ptr142
                0x1000a854        0x4 CMakeFiles/gekimax.dir/C_/Program_Files/Raspberry_Pi/Pico_SDK_v1.5.1/pico-sdk/lib/tinyusb/hw/bsp/rp2040/family.c.obj
 *(.binary_info.*)
                0x1000a858                __binary_info_end = .

.rel.dyn        0x1000a858        0x0
 .rel.iplt      0x1000a858        0x0 c:/progra~1/raspbe~2/picosd~1.1/gcc-ar~1/bin/../lib/gcc/arm-none-eabi/10.3.1/thumb/v6-m/nofp/crtbegin.o
                0x1000a858                . = ALIGN (0x4)

.ram_vector_table
                0x20000000       0xc0
 *(.ram_vector_table)
 .ram_vector_table
                0x20000000       0xc0 CMakeFiles/gekimax.dir/C_/Program_Files/Raspberry_Pi/Pico_SDK_v1.5.1/pico-sdk/src/rp2_common/pico_runtime/runtime.c.obj
                0x20000000                ram_vector_table

.data           0x200000c0     0x139c load address 0x1000a858
                0x200000c0                __data_start__ = .
 *(vtable)
 *(.time_critical*)
 .time_critical.mutex_try_enter_block_until
                0x200000c0       0x9c CMakeFiles/gekimax.dir/C_/Program_Files/Raspberry_Pi/Pico_SDK_v1.5.1/pico-sdk/src/common/pico_sync/mutex.c.obj
                0x200000c0                mutex_try_enter_block_until
 .time_critical.mutex_enter_timeout_ms
                0x2000015c       0x90 CMakeFiles/gekimax.dir/C_/Program_Files/Raspberry_Pi/Pico_SDK_v1.5.1/pico-sdk/src/common/pico_sync/mutex.c.obj
                0x2000015c                mutex_enter_timeout_ms
 .time_critical.mutex_exit
                0x200001ec       0x28 CMakeFiles/gekimax.dir/C_/Program_Files/Raspberry_Pi/Pico_SDK_v1.5.1/pico-sdk/src/common/pico_sync/mutex.c.obj
                0x200001ec                mutex_exit
 .time_critical.flash_init_boot2_copyout
                0x20000214       0x30 CMakeFiles/gekimax.dir/C_/Program_Files/Raspberry_Pi/Pico_SDK_v1.5.1/pico-sdk/src/rp2_common/hardware_flash/flash.c.obj
 .time_critical.flash_enable_xip_via_boot2
                0x20000244       0x10 CMakeFiles/gekimax.dir/C_/Program_Files/Raspberry_Pi/Pico_SDK_v1.5.1/pico-sdk/src/rp2_common/hardware_flash/flash.c.obj
 .time_critical.flash_range_erase
                0x20000254       0x80 CMakeFiles/gekimax.dir/C_/Program_Files/Raspberry_Pi/Pico_SDK_v1.5.1/pico-sdk/src/rp2_common/hardware_flash/flash.c.obj
                0x20000254                flash_range_erase
 .time_critical.flash_range_program
                0x200002d4       0x80 CMakeFiles/gekimax.dir/C_/Program_Files/Raspberry_Pi/Pico_SDK_v1.5.1/pico-sdk/src/rp2_common/hardware_flash/flash.c.obj
                0x200002d4                flash_range_program
 .time_critical.reset_non_control_endpoints
                0x20000354       0xbc CMakeFiles/gekimax.dir/C_/Program_Files/Raspberry_Pi/Pico_SDK_v1.5.1/pico-sdk/lib/tinyusb/src/portable/raspberrypi/rp2040/dcd_rp2040.c.obj
 .time_critical.hw_handle_buff_status
                0x20000410       0xa8 CMakeFiles/gekimax.dir/C_/Program_Files/Raspberry_Pi/Pico_SDK_v1.5.1/pico-sdk/lib/tinyusb/src/portable/raspberrypi/rp2040/dcd_rp2040.c.obj
 .time_critical.dcd_rp2040_irq
                0x200004b8      0x4d8 CMakeFiles/gekimax.dir/C_/Program_Files/Raspberry_Pi/Pico_SDK_v1.5.1/pico-sdk/lib/tinyusb/src/portable/raspberrypi/rp2040/dcd_rp2040.c.obj
 .time_critical.e15_is_bulkin_ep
                0x20000990       0x28 CMakeFiles/gekimax.dir/C_/Program_Files/Raspberry_Pi/Pico_SDK_v1.5.1/pico-sdk/lib/tinyusb/src/portable/raspberrypi/rp2040/rp2040_usb.c.obj
 .time_critical.e15_is_critical_frame_period
                0x200009b8       0x34 CMakeFiles/gekimax.dir/C_/Program_Files/Raspberry_Pi/Pico_SDK_v1.5.1/pico-sdk/lib/tinyusb/src/portable/raspberrypi/rp2040/rp2040_usb.c.obj
 .time_critical.prepare_ep_buffer
                0x200009ec       0x70 CMakeFiles/gekimax.dir/C_/Program_Files/Raspberry_Pi/Pico_SDK_v1.5.1/pico-sdk/lib/tinyusb/src/portable/raspberrypi/rp2040/rp2040_usb.c.obj
 .time_critical.sync_ep_buffer
                0x20000a5c       0x4c CMakeFiles/gekimax.dir/C_/Program_Files/Raspberry_Pi/Pico_SDK_v1.5.1/pico-sdk/lib/tinyusb/src/portable/raspberrypi/rp2040/rp2040_usb.c.obj
 .time_critical._hw_endpoint_xfer_sync
                0x20000aa8       0x28 CMakeFiles/gekimax.dir/C_/Program_Files/Raspberry_Pi/Pico_SDK_v1.5.1/pico-sdk/lib/tinyusb/src/portable/raspberrypi/rp2040/rp2040_usb.c.obj
 .time_critical.hw_endpoint_reset_transfer
                0x20000ad0        0xc CMakeFiles/gekimax.dir/C_/Program_Files/Raspberry_Pi/Pico_SDK_v1.5.1/pico-sdk/lib/tinyusb/src/portable/raspberrypi/rp2040/rp2040_usb.c.obj
                0x20000ad0                hw_endpoint_reset_transfer
 .time_critical._hw_endpoint_buffer_control_update32
                0x20000adc       0x58 CMakeFiles/gekimax.dir/C_/Program_Files/Raspberry_Pi/Pico_SDK_v1.5.1/pico-sdk/lib/tinyusb/src/portable/raspberrypi/rp2040/rp2040_usb.c.obj
                0x20000adc                _hw_endpoint_buffer_control_update32
 .time_critical.hw_endpoint_start_next_buffer
                0x20000b34       0x6c CMakeFiles/gekimax.dir/C_/Program_Files/Raspberry_Pi/Pico_SDK_v1.5.1/pico-sdk/lib/tinyusb/src/portable/raspberrypi/rp2040/rp2040_usb.c.obj
                0x20000b34                hw_endpoint_start_next_buffer
 .time_critical.hw_endpoint_xfer_continue
                0x20000ba0       0x50 CMakeFiles/gekimax.dir/C_/Program_Files/Raspberry_Pi/Pico_SDK_v1.5.1/pico-sdk/lib/tinyusb/src/portable/raspberrypi/rp2040/rp2040_usb.c.obj
                0x20000ba0                hw_endpoint_xfer_continue
 .time_critical.tinyusb
                0x20000bf0      0x1bc CMakeFiles/gekimax.dir/C_/Program_Files/Raspberry_Pi/Pico_SDK_v1.5.1/pico-sdk/lib/tinyusb/src/device/usbd.c.obj
                0x20000bf0                dcd_event_handler
 *(.text*)
 .text.fminf    0x20000dac       0x2c c:/progra~1/raspbe~2/picosd~1.1/gcc-ar~1/bin/../lib/gcc/arm-none-eabi/10.3.1/../../../../arm-none-eabi/lib/thumb/v6-m/nofp\libm.a(lib_a-sf_fmin.o)
                0x20000dac                fminf
 .text.__fpclassifyf
                0x20000dd8       0x40 c:/progra~1/raspbe~2/picosd~1.1/gcc-ar~1/bin/../lib/gcc/arm-none-eabi/10.3.1/../../../../arm-none-eabi/lib/thumb/v6-m/nofp\libm.a(lib_a-sf_fpclassify.o)
                0x20000dd8                __fpclassifyf
 .text          0x20000e18        0x4 c:/progra~1/raspbe~2/picosd~1.1/gcc-ar~1/bin/../lib/gcc/arm-none-eabi/10.3.1/thumb/v6-m/nofp\libgcc.a(_dvmd_tls.o)
                0x20000e18                __aeabi_idiv0
                0x20000e18                __aeabi_ldiv0
 .text.memcmp   0x20000e1c       0x48 c:/progra~1/raspbe~2/picosd~1.1/gcc-ar~1/bin/../lib/gcc/arm-none-eabi/10.3.1/../../../../arm-none-eabi/lib/thumb/v6-m/nofp\libc.a(lib_a-memcmp.o)
                0x20000e1c                memcmp
 *fill*         0x20000e64        0x4 
 .text.memcmp.__stub
                0x20000e68       0x90 linker stubs
                0x20000ef8                . = ALIGN (0x4)
 *(.rodata*)
                0x20000ef8                . = ALIGN (0x4)
 *(.data*)
 .data._ZL14g_filtered_adc
                0x20000ef8        0x2 CMakeFiles/gekimax.dir/src/analog_lever.cpp.obj
 *fill*         0x20000efa        0x2 
 .data.string_desc_config
                0x20000efc       0x14 CMakeFiles/gekimax.dir/src/usb/usb_descriptors.c.obj
 .data.string_desc_io4
                0x20000f10       0x1c CMakeFiles/gekimax.dir/src/usb/usb_descriptors.c.obj
 .data.string_desc_km
                0x20000f2c       0x10 CMakeFiles/gekimax.dir/src/usb/usb_descriptors.c.obj
 .data.string_desc_xinput
                0x20000f3c       0x10 CMakeFiles/gekimax.dir/src/usb/usb_descriptors.c.obj
 .data.striped_spin_lock_num
                0x20000f4c        0x1 CMakeFiles/gekimax.dir/C_/Program_Files/Raspberry_Pi/Pico_SDK_v1.5.1/pico-sdk/src/rp2_common/hardware_sync/sync.c.obj
 *fill*         0x20000f4d        0x3 
 .data          0x20000f50       0x48 CMakeFiles/gekimax.dir/C_/Program_Files/Raspberry_Pi/Pico_SDK_v1.5.1/pico-sdk/src/rp2_common/hardware_irq/irq_handler_chain.S.obj
                0x20000f50                irq_handler_chain_slots
                0x20000f80                irq_handler_chain_first_slot
                0x20000f8a                irq_handler_chain_remove_tail
 .data.default_alarm_pool
                0x20000f98       0x18 CMakeFiles/gekimax.dir/C_/Program_Files/Raspberry_Pi/Pico_SDK_v1.5.1/pico-sdk/src/common/pico_time/time.c.obj
 .data.default_alarm_pool_heap
                0x20000fb0       0x10 CMakeFiles/gekimax.dir/C_/Program_Files/Raspberry_Pi/Pico_SDK_v1.5.1/pico-sdk/src/common/pico_time/time.c.obj
 *fill*         0x20000fc0        0x0 
 .data.aeabi_bits_funcs
                0x20000fc0       0x10 CMakeFiles/gekimax.dir/C_/Program_Files/Raspberry_Pi/Pico_SDK_v1.5.1/pico-sdk/src/rp2_common/pico_bit_ops/bit_ops_aeabi.S.obj
                0x20000fc0                aeabi_bits_funcs
                0x20000fd0                aeabi_bits_funcs_end
 .data.aeabi_mem_funcs
                0x20000fd0       0x10 CMakeFiles/gekimax.dir/C_/Program_Files/Raspberry_Pi/Pico_SDK_v1.5.1/pico-sdk/src/rp2_common/pico_mem_ops/mem_ops_aeabi.S.obj
                0x20000fd0                aeabi_mem_funcs
                0x20000fe0                aeabi_mem_funcs_end
 .data.ep_dir_string
                0x20000fe0        0x8 CMakeFiles/gekimax.dir/C_/Program_Files/Raspberry_Pi/Pico_SDK_v1.5.1/pico-sdk/lib/tinyusb/src/portable/raspberrypi/rp2040/rp2040_usb.c.obj
                0x20000fe0                ep_dir_string
 .data._usbd_qdef
                0x20000fe8       0x1c CMakeFiles/gekimax.dir/C_/Program_Files/Raspberry_Pi/Pico_SDK_v1.5.1/pico-sdk/lib/tinyusb/src/device/usbd.c.obj
                0x20000fe8                _usbd_qdef
 .data._usbd_rhport
                0x20001004        0x1 CMakeFiles/gekimax.dir/C_/Program_Files/Raspberry_Pi/Pico_SDK_v1.5.1/pico-sdk/lib/tinyusb/src/device/usbd.c.obj
 *fill*         0x20001005        0x3 
 .data._impure_ptr
                0x20001008        0x4 c:/progra~1/raspbe~2/picosd~1.1/gcc-ar~1/bin/../lib/gcc/arm-none-eabi/10.3.1/../../../../arm-none-eabi/lib/thumb/v6-m/nofp\libc.a(lib_a-impure.o)
                0x20001008                _impure_ptr
 *fill*         0x2000100c        0x4 
 .data.impure_data
                0x20001010      0x428 c:/progra~1/raspbe~2/picosd~1.1/gcc-ar~1/bin/../lib/gcc/arm-none-eabi/10.3.1/../../../../arm-none-eabi/lib/thumb/v6-m/nofp\libc.a(lib_a-impure.o)
                0x20001438                . = ALIGN (0x4)
 *(.after_data.*)
                0x20001438                . = ALIGN (0x4)
                0x20001438                PROVIDE (__mutex_array_start = .)
 *(SORT_BY_NAME(.mutex_array.*))
 *(.mutex_array)
 .mutex_array   0x20001438        0x8 CMakeFiles/gekimax.dir/C_/Program_Files/Raspberry_Pi/Pico_SDK_v1.5.1/pico-sdk/src/rp2_common/pico_malloc/pico_malloc.c.obj
 .mutex_array   0x20001440        0x8 CMakeFiles/gekimax.dir/C_/Program_Files/Raspberry_Pi/Pico_SDK_v1.5.1/pico-sdk/src/rp2_common/pico_stdio/stdio.c.obj
                0x20001448                PROVIDE (__mutex_array_end = .)
                0x20001448                . = ALIGN (0x4)
                0x20001448                PROVIDE (__preinit_array_start = .)
 *(SORT_BY_NAME(.preinit_array.*))
 .preinit_array.00001
                0x20001448        0x4 CMakeFiles/gekimax.dir/C_/Program_Files/Raspberry_Pi/Pico_SDK_v1.5.1/pico-sdk/src/rp2_common/pico_mem_ops/mem_ops_aeabi.S.obj
 .preinit_array.00010
                0x2000144c        0x4 CMakeFiles/gekimax.dir/C_/Program_Files/Raspberry_Pi/Pico_SDK_v1.5.1/pico-sdk/src/rp2_common/pico_bit_ops/bit_ops_aeabi.S.obj
 .preinit_array.00020
                0x20001450        0x4 CMakeFiles/gekimax.dir/C_/Program_Files/Raspberry_Pi/Pico_SDK_v1.5.1/pico-sdk/src/rp2_common/pico_double/double_aeabi.S.obj
 .preinit_array.00020
                0x20001454        0x4 CMakeFiles/gekimax.dir/C_/Program_Files/Raspberry_Pi/Pico_SDK_v1.5.1/pico-sdk/src/rp2_common/pico_float/float_aeabi.S.obj
 *(.preinit_array)
                0x20001458                PROVIDE (__preinit_array_end = .)
                0x20001458                . = ALIGN (0x4)
                0x20001458                PROVIDE (__init_array_start = .)
 *(SORT_BY_NAME(.init_array.*))
 *(.init_array)
 .init_array    0x20001458        0x4 c:/progra~1/raspbe~2/picosd~1.1/gcc-ar~1/bin/../lib/gcc/arm-none-eabi/10.3.1/thumb/v6-m/nofp/crtbegin.o
                0x2000145c                PROVIDE (__init_array_end = .)
                0x2000145c                . = ALIGN (0x4)
                [!provide]                PROVIDE (__fini_array_start = .)
 *(SORT_BY_NAME(.fini_array.*))
 *(.fini_array)
                [!provide]                PROVIDE (__fini_array_end = .)
 *(.jcr)
                0x2000145c                . = ALIGN (0x4)
                0x2000145c                __data_end__ = .
                0x1000a858                __etext = LOADADDR (.data)

.igot.plt       0x2000145c        0x0 load address 0x1000bbf4
 .igot.plt      0x2000145c        0x0 c:/progra~1/raspbe~2/picosd~1.1/gcc-ar~1/bin/../lib/gcc/arm-none-eabi/10.3.1/thumb/v6-m/nofp/crtbegin.o

.uninitialized_data
                0x2000145c        0x0 load address 0x1000bbf4
                0x2000145c                . = ALIGN (0x4)
 *(.uninitialized_data*)

.scratch_x      0x20040000        0x0 load address 0x1000bbf4
                0x20040000                __scratch_x_start__ = .
 *(.scratch_x.*)
                0x20040000                . = ALIGN (0x4)
                0x20040000                __scratch_x_end__ = .
                0x1000bbf4                __scratch_x_source__ = LOADADDR (.scratch_x)

.scratch_y      0x20041000        0x0 load address 0x1000bbf4
                0x20041000                __scratch_y_start__ = .
 *(.scratch_y.*)
                0x20041000                . = ALIGN (0x4)
                0x20041000                __scratch_y_end__ = .
                0x1000bbf4                __scratch_y_source__ = LOADADDR (.scratch_y)

.bss            0x20001460     0x17e8
                0x20001460                . = ALIGN (0x4)
                0x20001460                __bss_start__ = .
 *(SORT_BY_ALIGNMENT(SORT_BY_NAME(.bss*)))
 .bss.default_alarm_pool_entries
                0x20001460      0x100 CMakeFiles/gekimax.dir/C_/Program_Files/Raspberry_Pi/Pico_SDK_v1.5.1/pico-sdk/src/common/pico_time/time.c.obj
 .bss.sd_table  0x20001560      0x100 CMakeFiles/gekimax.dir/C_/Program_Files/Raspberry_Pi/Pico_SDK_v1.5.1/pico-sdk/src/rp2_common/pico_double/double_init_rom.c.obj
                0x20001560                sd_table
 .bss.sf_table  0x20001660      0x100 CMakeFiles/gekimax.dir/C_/Program_Files/Raspberry_Pi/Pico_SDK_v1.5.1/pico-sdk/src/rp2_common/pico_float/float_init_rom.c.obj
                0x20001660                sf_table
 .bss           0x20001760       0x1c c:/progra~1/raspbe~2/picosd~1.1/gcc-ar~1/bin/../lib/gcc/arm-none-eabi/10.3.1/thumb/v6-m/nofp/crtbegin.o
 .bss._ZL11g_game_leds
                0x2000177c       0x12 CMakeFiles/gekimax.dir/src/led_driver.cpp.obj
 *fill*         0x2000178e        0x2 
 .bss._ZL17g_xinput_smoothed
                0x20001790        0x4 CMakeFiles/gekimax.dir/src/analog_lever.cpp.obj
 .bss._ZL8g_config
                0x20001794       0x7c CMakeFiles/gekimax.dir/src/config.cpp.obj
 .bss._ZL8g_pixels
                0x20001810       0x51 CMakeFiles/gekimax.dir/src/led_driver.cpp.obj
 *fill*         0x20001861        0x3 
 .bss._ZL8g_rx_buf
                0x20001864      0x800 CMakeFiles/gekimax.dir/src/usb/serial_config.cpp.obj
 .bss._ZL8g_rx_pos
                0x20002064        0x4 CMakeFiles/gekimax.dir/src/usb/serial_config.cpp.obj
 .bss._ZN3io4L13g_output_dataE
                0x20002068       0x3f CMakeFiles/gekimax.dir/src/usb/io4_mode.cpp.obj
 *fill*         0x200020a7        0x1 
 .bss._app_driver
                0x200020a8        0x4 CMakeFiles/gekimax.dir/C_/Program_Files/Raspberry_Pi/Pico_SDK_v1.5.1/pico-sdk/lib/tinyusb/src/device/usbd.c.obj
 .bss._cdcd_itf
                0x200020ac      0x2c8 CMakeFiles/gekimax.dir/C_/Program_Files/Raspberry_Pi/Pico_SDK_v1.5.1/pico-sdk/lib/tinyusb/src/class/cdc/cdc_device.c.obj
 .bss._ctrl_xfer
                0x20002374       0x14 CMakeFiles/gekimax.dir/C_/Program_Files/Raspberry_Pi/Pico_SDK_v1.5.1/pico-sdk/lib/tinyusb/src/device/usbd_control.c.obj
 .bss._desc_str
                0x20002388      0x100 CMakeFiles/gekimax.dir/src/usb/usb_descriptors.c.obj
 .bss._hidd_itf
                0x20002488       0x8c CMakeFiles/gekimax.dir/C_/Program_Files/Raspberry_Pi/Pico_SDK_v1.5.1/pico-sdk/lib/tinyusb/src/class/hid/hid_device.c.obj
 .bss._ubsd_mutexdef
                0x20002514        0x8 CMakeFiles/gekimax.dir/C_/Program_Files/Raspberry_Pi/Pico_SDK_v1.5.1/pico-sdk/lib/tinyusb/src/device/usbd.c.obj
 .bss._usbd_ctrl_buf
                0x2000251c       0x40 CMakeFiles/gekimax.dir/C_/Program_Files/Raspberry_Pi/Pico_SDK_v1.5.1/pico-sdk/lib/tinyusb/src/device/usbd_control.c.obj
 .bss._usbd_dev
                0x2000255c       0x53 CMakeFiles/gekimax.dir/C_/Program_Files/Raspberry_Pi/Pico_SDK_v1.5.1/pico-sdk/lib/tinyusb/src/device/usbd.c.obj
 *fill*         0x200025af        0x1 
 .bss._usbd_mutex
                0x200025b0        0x4 CMakeFiles/gekimax.dir/C_/Program_Files/Raspberry_Pi/Pico_SDK_v1.5.1/pico-sdk/lib/tinyusb/src/device/usbd.c.obj
 .bss._usbd_q   0x200025b4        0x4 CMakeFiles/gekimax.dir/C_/Program_Files/Raspberry_Pi/Pico_SDK_v1.5.1/pico-sdk/lib/tinyusb/src/device/usbd.c.obj
 .bss._usbd_qdef_buf
                0x200025b8       0xc0 CMakeFiles/gekimax.dir/C_/Program_Files/Raspberry_Pi/Pico_SDK_v1.5.1/pico-sdk/lib/tinyusb/src/device/usbd.c.obj
                0x200025b8                _usbd_qdef_buf
 .bss._used_instruction_space
                0x20002678        0x8 CMakeFiles/gekimax.dir/C_/Program_Files/Raspberry_Pi/Pico_SDK_v1.5.1/pico-sdk/src/rp2_common/hardware_pio/pio.c.obj
 .bss.alarm_callbacks
                0x20002680       0x10 CMakeFiles/gekimax.dir/C_/Program_Files/Raspberry_Pi/Pico_SDK_v1.5.1/pico-sdk/src/rp2_common/hardware_timer/timer.c.obj
 .bss.boot2_copyout
                0x20002690      0x100 CMakeFiles/gekimax.dir/C_/Program_Files/Raspberry_Pi/Pico_SDK_v1.5.1/pico-sdk/src/rp2_common/hardware_flash/flash.c.obj
 .bss.claimed   0x20002790        0x4 CMakeFiles/gekimax.dir/C_/Program_Files/Raspberry_Pi/Pico_SDK_v1.5.1/pico-sdk/src/rp2_common/hardware_sync/sync.c.obj
 .bss.configured_freq
                0x20002794       0x28 CMakeFiles/gekimax.dir/C_/Program_Files/Raspberry_Pi/Pico_SDK_v1.5.1/pico-sdk/src/rp2_common/hardware_clocks/clocks.c.obj
 .bss.default_alarm_pool_entry_ids_high
                0x200027bc       0x10 CMakeFiles/gekimax.dir/C_/Program_Files/Raspberry_Pi/Pico_SDK_v1.5.1/pico-sdk/src/common/pico_time/time.c.obj
 .bss.default_alarm_pool_heap_nodes
                0x200027cc       0x30 CMakeFiles/gekimax.dir/C_/Program_Files/Raspberry_Pi/Pico_SDK_v1.5.1/pico-sdk/src/common/pico_time/time.c.obj
 .bss.drivers   0x200027fc        0x4 CMakeFiles/gekimax.dir/C_/Program_Files/Raspberry_Pi/Pico_SDK_v1.5.1/pico-sdk/src/rp2_common/pico_stdio/stdio.c.obj
 .bss.e15_last_sof
                0x20002800        0x4 CMakeFiles/gekimax.dir/C_/Program_Files/Raspberry_Pi/Pico_SDK_v1.5.1/pico-sdk/lib/tinyusb/src/portable/raspberrypi/rp2040/rp2040_usb.c.obj
                0x20002800                e15_last_sof
 .bss.filter    0x20002804        0x4 CMakeFiles/gekimax.dir/C_/Program_Files/Raspberry_Pi/Pico_SDK_v1.5.1/pico-sdk/src/rp2_common/pico_stdio/stdio.c.obj
 .bss.hw_endpoints